
R version 4.3.3 (2024-02-29) -- "Angel Food Cake"
Copyright (C) 2024 The R Foundation for Statistical Computing
Platform: x86_64-pc-linux-gnu (64-bit)

R is free software and comes with ABSOLUTELY NO WARRANTY.
You are welcome to redistribute it under certain conditions.
Type 'license()' or 'licence()' for distribution details.

  Natural language support but running in an English locale

R is a collaborative project with many contributors.
Type 'contributors()' for more information and
'citation()' on how to cite R or R packages in publications.

Type 'demo()' for some demos, 'help()' for on-line help, or
'help.start()' for an HTML browser interface to help.
Type 'q()' to quit R.

> #!/usr/bin/R
> ## Senan Hogan-Hennessy, 04 October 2023
> ## Simulate the system for indirect + direct effects
> # Show the date:
> print(format(Sys.time(), "%H:%M %Z %A, %d %B %Y"))
[1] "09:43 EDT Thursday, 25 July 2024"
> 
> ## Load libraries
> # Functions for data manipulation and visualisation
> library(tidyverse)
── Attaching core tidyverse packages ──────────────────────── tidyverse 2.0.0 ──
✔ dplyr     1.1.4     ✔ readr     2.1.5
✔ forcats   1.0.0     ✔ stringr   1.5.1
✔ ggplot2   3.5.1     ✔ tibble    3.2.1
✔ lubridate 1.9.3     ✔ tidyr     1.3.1
✔ purrr     1.0.2     
── Conflicts ────────────────────────────────────────── tidyverse_conflicts() ──
✖ dplyr::filter() masks stats::filter()
✖ dplyr::lag()    masks stats::lag()
ℹ Use the conflicted package (<http://conflicted.r-lib.org/>) to force all conflicts to become errors
> # Library for better colour choice.
> library(ggthemes)
> # Library for equations in plots
> library(latex2exp)
> # Causal medation package, Imai Keele Yamamoto (2010)
> library(mediation)
Loading required package: MASS

Attaching package: ‘MASS’

The following object is masked from ‘package:dplyr’:

    select

Loading required package: Matrix

Attaching package: ‘Matrix’

The following objects are masked from ‘package:tidyr’:

    expand, pack, unpack

Loading required package: mvtnorm
Loading required package: sandwich
mediation: Causal Mediation Analysis
Version: 4.5.0

> 
> ## Set up the R environment
> set.seed(47)
> # Define number of digits in tables and graphs
> digits.no <- 3
> # Define where output files go.
> output.folder <- file.path("sim-output")
> # Set the options for the plot sizes, in saving ggplot output.
> fig.height <- 10
> fig.width <- fig.height
> 
> 
> ################################################################################
> ## Define a function to simulate data in the triangular system.
> simulate.data <- function(rho, sigma_0, sigma_1, sample.size = 10^4){
+     ### Inputs:
+     ## X, a matrix of covariates, continuous or binary values.
+     ## rho \in [-1, +1] measuring correlation between U_0, U_1.
+     ## sigma_0 >= 0 measuring standard deviation of U_0.
+     ## sigma_1 >= 0 measuring standard deviation of U_1.
+     ## sample.size: integer, representing output sample size i.e., N.
+     
+     # Generate matrix of covariates, along which treatment intensity varies.
+     X <- 5 + rnorm(sample.size)
+     # Put in terms of a linear model, with \beta_1 - \beta_0 > 0 educ gains.
+     # Y_i(Z_i, 0) = \beta_0 \vec X_i + \gamma_0 Z_i + U_0
+     # Y_i(Z_i, 1) = \beta_1 \vec X_i + \gamma_1 Z_i + U_0
+     beta_0 <- 1
+     beta_1 <- 2
+     gamma_0 <- 0.5
+     gamma_1 <- 1
+     mu0_Z0_X <- beta_0 * X
+     mu1_Z0_X <- beta_1 * X
+     mu0_Z1_X <- mu0_Z0_X + gamma_0
+     mu1_Z1_X <- mu1_Z0_X + gamma_1
+     muC_Z0_X <- rep(5, sample.size)
+     muC_Z1_X <- 0.75 * muC_Z0_X
+     # Unobserved selection, between D = 1 and D = 0
+     # Assume: U_1, U_0 ~ BivarNormal(rho, mu_0 = mu_1 = 0, sigma_0, sigma_1)
+     # For simplicity, independent specific differences in costs with var = 0.1
+     U_both <- MASS::mvrnorm(
+         n = sample.size,
+         mu = c(0, 0, 0),
+         Sigma = matrix(c(
+             sigma_0^2,               rho * sigma_0 * sigma_1, 0,
+             rho * sigma_0 * sigma_1, sigma_1^2,               0,
+             0,                       0,                       0.1), ncol = 3),
+         empirical = FALSE)
+     U_0 <- U_both[, 1]
+     U_1 <- U_both[, 2]
+     U_C <- U_both[, 3]
+     # Compose potential outcomes from the observed + unobserved factors.
+     # Y_i(Z, D) = mu_D(Z; X_i) + U_D
+     Y_0_0 <- mu0_Z0_X + U_0
+     Y_0_1 <- mu1_Z0_X + U_1
+     Y_1_0 <- mu0_Z1_X + U_0
+     Y_1_1 <- mu1_Z1_X + U_1
+     # Model compliance as Roy selection --- gains as latent index/prop score.
+     # D(Z) = 1{ Y_i(Z, D = 0) <= Y(Z, D_i = 1) - costs }
+     #      = 1{ mu_0(Z; X_i) + U_0 <= mu_1(Z; X_i) + U_1 - mu_C(Z; X_i) }
+     D_0 <- D_1 <- replicate(0, sample.size)
+     D_0 <- as.integer(Y_0_0 <= Y_0_1 - muC_Z0_X - U_C)
+     D_1 <- as.integer(Y_1_0 <= Y_1_1 - muC_Z1_X - U_C)
+     # Label compliance
+     firststage.designation <- replicate(sample.size, "", "vector")
+     firststage.designation[D_1 == 0 & D_0 == 0] <- "Never-taker"
+     firststage.designation[D_1 == 1 & D_0 == 1] <- "Always-taker"
+     firststage.designation[D_1 == 1 & D_0 == 0] <- "Complier"
+     firststage.designation[D_1 == 0 & D_0 == 1] <- "Defier"
+     # Show how many ATs, NTs, Compliers in terms of D_i(Z) for Z = 0, 1.
+     print("How many compliers in the sample?")
+     print(table(firststage.designation) / length(firststage.designation))
+     # Generate the list of a random instrument.
+     probZ <- 0.5
+     Z <- rbinom(sample.size, 1, probZ)
+     # Generate the list of observed binary treatment
+     D <- (Z * D_1) + ((1 - Z) * D_0)
+     # Generate the list of observed outcomes
+     Y <- (Z * D * Y_1_1) +
+         (Z * (1 - D) * Y_1_0) +
+         ((1 - Z) * D * Y_0_1) +
+         ((1 - Z) * (1 - D) * Y_0_0)
+     # Put these data to a coherent data frame.
+     combined.data <- tibble(data.frame(
+         # Observed data
+         Z, D, Y, X,
+         # Unobserved, potential outcomes and compliance.
+         D_0, D_1,
+         Y_0_0, Y_0_1, Y_1_0, Y_1_1,
+         mu0_Z0_X, mu1_Z0_X, mu0_Z1_X, mu1_Z1_X, muC_Z0_X, muC_Z1_X, 
+         U_0, U_1, U_C,
+         firststage.designation))
+     # Return the simulated data as a data frame.
+     return(combined.data)
+ }
> 
> 
> ################################################################################
> ## Define a function to show the theoretical values for the data.
> theoretical.values <- function(simulated.data, digits.no = 3){
+     ### Inputs:
+     ## simulated.data, a data frame simulated from above.
+     # Extract the potentials from simulated data.
+     Z <- simulated.data$Z
+     D <- simulated.data$D
+     Y <- simulated.data$Y
+     X <- simulated.data$X
+     D_0 <- simulated.data$D_0
+     D_1 <- simulated.data$D_1
+     Y_0_0 <- simulated.data$Y_0_0
+     Y_0_1 <- simulated.data$Y_0_1
+     Y_1_0 <- simulated.data$Y_1_0
+     Y_1_1 <- simulated.data$Y_1_1
+     firststage.designation <- simulated.data$firststage.designation
+     mu0_Z0_X <- simulated.data$mu0_Z0_X
+     mu1_Z0_X <- simulated.data$mu1_Z0_X
+     mu0_Z1_X <- simulated.data$mu0_Z1_X
+     mu1_Z1_X <- simulated.data$mu1_Z1_X
+     muC_Z0_X <- simulated.data$muC_Z0_X
+     muC_Z1_X <- simulated.data$muC_Z1_X
+     U_0 <- simulated.data$U_0
+     U_1 <- simulated.data$U_1
+     U_C <- simulated.data$U_C
+     # Get the true first-stage effects
+     first_stage <- D_1 - D_0
+     average_first_stage <- mean(first_stage)
+     # Get the theoretical total effect/reduced form/ITT
+     total_effect <- (Y_1_1 - Y_0_0) * (firststage.designation == "Complier") +
+         (Y_1_1 - Y_0_1) * (firststage.designation == "Always-taker") +
+         (Y_1_0 - Y_0_0) * (firststage.designation == "Never-taker")
+     average_total_effect <- mean(total_effect)
+     # Get the theoretical indirect effect, and complier returns to education 
+     indirect_effect <- (Z * (Y_1_1 - Y_1_0) + (1 - Z) * (Y_0_1 - Y_0_0)) * (
+             firststage.designation == "Complier") +
+         (0) * (firststage.designation == "Always-taker") +
+         (0) * (firststage.designation == "Never-taker")
+     average_indirect_effect <- mean(indirect_effect)
+     late <- mean(indirect_effect[firststage.designation == "Complier"])
+     # Get the theoretical direct effect.
+     direct_effect <- (Z * (Y_1_1 - Y_0_1) + (1 - Z) * (Y_1_0 - Y_0_0)) * (
+             firststage.designation == "Complier") +
+         (Y_1_1 - Y_0_1) * (firststage.designation == "Always-taker") +
+         (Y_1_0 - Y_0_0) * (firststage.designation == "Never-taker")
+     average_direct_effect <- mean(direct_effect)
+     # Variance in compliance
+     var_D <- var(D)
+     var_D1_D0 <- var(D_1 - D_0)
+     ## True value of population compliance explained by X_i
+     # 1. Notice that we can rewrite D_i(1) as
+     # D_1 = 1{mu0_Z1_X + U_0 <= mu1_Z1_X + U_1} = 1{U_0-U_1 <= mu1_Z1_X - mu0_Z1_X}
+     # Since (U_0 - U_1) is normally distributed, then the conditional mean given X
+     prob_D1_X <- pnorm((mu1_Z1_X - mu0_Z1_X - muC_Z1_X) / sd(U_0 - U_1 - U_C))
+     # 2. By similar logic for D_i(0)
+     # D_0 = 1{mu0_Z0_X + U_0 <= mu1_Z0_X + U_1} = 1{U_0-U_1 <= mu1_Z0_X - mu0_Z0_X}
+     prob_D0_X <- pnorm((mu1_Z0_X - mu0_Z0_X - muC_Z0_X) / sd(U_0 - U_1 - U_C))
+     cate_D_x <- prob_D1_X - prob_D0_X
+     var_cate_D_x <- var(cate_D_x)
+     ## Compare to the true value of population mediation. explained by X_i
+     D_X <- Z * (mu1_Z1_X - mu0_Z1_X - muC_Z1_X) + (1 - Z) * (mu1_Z0_X - mu0_Z0_X)
+     prob_D_X <- pnorm(D_X / sd(U_0 - U_1 - U_C))
+     var_prob_D_X <- var(prob_D_X)
+     # Define a named list to return
+     output.list <- list(
+         average_first_stage     = average_first_stage,
+         average_total_effect    = average_total_effect,
+         average_indirect_effect = average_indirect_effect,
+         average_direct_effect   = average_direct_effect,
+         complier_indirect_effect= late,
+         var_D                   = var_D,
+         var_prob_D_X            = var_prob_D_X,
+         var_D1_D0               = var_D1_D0,
+         var_cate_D_x            = var_cate_D_x)
+     # Return the output.list
+     return(output.list)
+ }
> 
> 
> ################################################################################
> ## Define a function to estimate mediation, assuming sequential ig. only on X_i.
> estimated.values <- function(simulated.data, digits.no = 3){
+     ### Inputs:
+     ## simulated.data, a data frame simulated from above.
+     # Define the first stage / mediation model
+     first_stage.reg <- lm(D ~ 1 + Z + X, data = simulated.data)
+     # Total effect
+     total_stage.reg <- lm(Y ~ 1 + Z + X, data = simulated.data)
+     # Define the second stage
+     second_stage.reg <- lm(Y ~ 1 + Z + D + Z:D + X, data = simulated.data)
+     # Estimate the mechanism model.
+     mediation.reg <- mediate(first_stage.reg, second_stage.reg,
+         treat = "Z", mediator = "D",
+         robustSE = FALSE, sims = 2)
+     # Get the point estimates of the direct + indirect effects.
+     est_first_stage     <- as.numeric(coef(first_stage.reg )["Z"])
+     est_total_effect    <- as.numeric(coef(total_stage.reg)["Z"])
+     est_indirect_effect <- mediation.reg$d.avg
+     est_direct_effect   <- mediation.reg$z.avg
+     # Define a named list to return
+     output.list <- list(
+         est_first_stage     = est_first_stage,
+         est_total_effect    = est_total_effect,
+         est_indirect_effect = est_indirect_effect,
+         est_direct_effect   = est_direct_effect)
+     # Return the output.list
+     return(output.list)
+ }
> 
> 
> ################################################################################
> ## Simulate data, for an example.
> 
> # Simulate the data, with rho, sigma_0, sigma_1 = 3/4, 1, 2
> example.data <- simulate.data(3 / 4, 1, 2)
[1] "How many compliers in the sample?"
firststage.designation
Always-taker     Complier  Never-taker 
      0.4950       0.3412       0.1638 
> 
> # Show the theoretical values
> print("True treatment effects in the simulation:")
[1] "True treatment effects in the simulation:"
> print(theoretical.values(example.data)[
+     c("average_first_stage",
+         "average_total_effect",
+         "average_indirect_effect",
+         "average_direct_effect")])
$average_first_stage
[1] 0.3412

$average_total_effect
[1] 2.359132

$average_indirect_effect
[1] 1.524832

$average_direct_effect
[1] 0.8313

> 
> # Show the estimated values.  
> #! Test: does the sample selection model get this thing right?
> library(sampleSelection)
Loading required package: maxLik
Loading required package: miscTools

Please cite the 'maxLik' package as:
Henningsen, Arne and Toomet, Ott (2011). maxLik: A package for maximum likelihood estimation in R. Computational Statistics 26(3), 443-458. DOI 10.1007/s00180-010-0217-1.

If you have questions, suggestions, or comments regarding the 'maxLik' package, please use a forum or 'tracker' at maxLik's R-Forge site:
https://r-forge.r-project.org/projects/maxlik/
> # Show the average returns to education (i.e., direct effect times first-stage).
> #simulated.data <- example.data
> #print(mean(Z * (Y_1_1 - Y_1_0) + (1 - Z) * (Y_0_1 - Y_0_0)))
> #print(mean((beta_1 - beta_0) * X + (gamma_1 - gamma_0) * Z + (U_1 - U_0)))
> selection.eq <- (D ~ 1 + X + Z)
> outcome0.eq  <- (Y ~ 1 + X + Z)
> outcome1.eq  <- (Y ~ 1 + X + Z)
> selection.reg <- selection(
+     selection.eq,
+     list(outcome0.eq, outcome1.eq),
+     data = example.data,
+     method = "mle")#"2step")
> # Show the selection model's estimates
> print(summary(selection.reg))
--------------------------------------------
Tobit 5 model (switching regression model)
Maximum Likelihood estimation
Newton-Raphson maximisation, 11 iterations
Return code 8: successive function values within relative tolerance limit (reltol)
Log-Likelihood: -22070.61 
10000 observations: 3374 selection 1 (0) and 6626 selection 2 (1)
13 free parameters (df = 9987)
Probit selection equation:
            Estimate Std. Error t value Pr(>|t|)    
(Intercept) -3.52440    0.08282  -42.55   <2e-16 ***
X            0.70094    0.01613   43.45   <2e-16 ***
Z            1.23023    0.02997   41.05   <2e-16 ***
Outcome equation 1:
            Estimate Std. Error t value Pr(>|t|)    
(Intercept) -0.14524    0.16606  -0.875    0.382    
X            1.04435    0.05084  20.541  < 2e-16 ***
Z            0.62140    0.09656   6.436 1.29e-10 ***
Outcome equation 2:
            Estimate Std. Error t value Pr(>|t|)    
(Intercept)  0.07711    0.16228   0.475    0.635    
X            1.98062    0.02668  74.250   <2e-16 ***
Z            1.05508    0.05182  20.360   <2e-16 ***
   Error terms:
       Estimate Std. Error t value Pr(>|t|)    
sigma1  1.02153    0.03309  30.874  < 2e-16 ***
sigma2  1.98332    0.02361  84.019  < 2e-16 ***
rho1    0.45248    0.09884   4.578 4.76e-06 ***
rho2    0.85242    0.01287  66.215  < 2e-16 ***
---
Signif. codes:  0 ‘***’ 0.001 ‘**’ 0.01 ‘*’ 0.05 ‘.’ 0.1 ‘ ’ 1
--------------------------------------------
> # Show the simulation values, the first is the linear value, second non-parametric.
> # print(c(beta_0,  mean(Y_0_0 / X)))
> # print(c(gamma_0, mean(Y_1_0 - Y_0_0)))
> # print(c(beta_1,  mean(Y_0_1 / X)))
> # print(c(gamma_1, mean(Y_1_1 - Y_0_1)))
> # print(cor(U_0, U_1 - U_0 - U_C))
> # print(cor(U_1, U_1 - U_0 - U_C))
> # #! Outcome: this gets it perfectly right.
> # # Show the estimates in causal mediation terminology.
> # print(c(theoretical.values(example.data)["average_indirect_effect"],
> #     mean((D_1 - D_0) * (
> #         (beta_1 - beta_0) * X + Z * (gamma_1 - gamma_0)))))
> # print(c(theoretical.values(example.data)["average_direct_effect"],
> #     mean(gamma_0 + D * (gamma_1 - gamma_0))))
> # coef(selection.reg)
> #TODO: Get them from in here.
> coef(summary(selection.reg))
               Estimate Std. Error     t value      Pr(>|t|)
(Intercept) -3.52439891 0.08282172 -42.5540415  0.000000e+00
X            0.70094464 0.01613292  43.4480938  0.000000e+00
Z            1.23022915 0.02997261  41.0451147  0.000000e+00
(Intercept) -0.14523734 0.16606260  -0.8745939  3.818159e-01
X            1.04434576 0.05084147  20.5412204  7.185254e-92
Z            0.62140134 0.09655537   6.4356992  1.285470e-10
sigma1       1.02152968 0.03308672  30.8743153 5.411579e-200
rho1         0.45248252 0.09884387   4.5777499  4.756817e-06
(Intercept)  0.07710982 0.16227613   0.4751766  6.346715e-01
X            1.98062036 0.02667511  74.2497453  0.000000e+00
Z            1.05508302 0.05182103  20.3601331  2.534051e-90
sigma2       1.98332270 0.02360574  84.0186446  0.000000e+00
rho2         0.85241926 0.01287356  66.2147190  0.000000e+00
> # Question: why is the Heckman procedure better as 2step over max likelihood?
> #           want to know if this makes it more robust to error distributions....
> #           e.g., if I use a non-linear first-stage selection equation, then
> #           is there some way of doing it that relaxes a normal assumption?
> 
> # Plot the Potential Outcomes
> outcomes.plot <- example.data %>%
+     ggplot(aes(x = X)) +
+     geom_point(aes(y = Y_1_1, colour = "Y(1, 1)")) +
+     geom_point(aes(y = Y_1_0, colour = "Y(1, 0)")) +
+     geom_point(aes(y = Y_0_1, colour = "Y(0, 1)")) +
+     geom_point(aes(y = Y_0_0, colour = "Y(0, 0)")) +
+     geom_point(aes(y = Y,     colour = "Y"), colour = "black") +
+     theme_bw() +
+     scale_x_continuous(name = TeX("$X_i1$"),
+         expand = c(0, 0)) +
+     scale_y_continuous(name = "",
+         expand = c(0, 0),
+         limits = c(0, max(example.data$Y) + 1)) +
+     scale_colour_tableau() +
+     ggtitle(TeX("$\\Y_i(Z, D(Z))$")) +
+     theme(plot.title = element_text(hjust = 0, size = rel(1)),
+         plot.title.position = "plot",
+         plot.margin = unit(c(0.5, 3, 0.25, 0), "mm"),
+         legend.title = element_blank(),
+         legend.position = "top")
> # Save this plot
> ggsave(file.path(output.folder, "outcomes-plot.png"),
+     plot = outcomes.plot, dpi = 300,
+     units = "cm", width = fig.width, height = fig.height)
Warning messages:
1: Removed 1 row containing missing values or values outside the scale range
(`geom_point()`). 
2: Removed 2 rows containing missing values or values outside the scale range
(`geom_point()`). 
3: Removed 1 row containing missing values or values outside the scale range
(`geom_point()`). 
> 
> 
> ################################################################################
> ## Simulate these data across different parameter values.
> # Define a list of rho, sigma_0, sigma_1 values to loop across.
> sim.length    <- 10^2
> rho.max <- 0.95
> rho.list      <- seq(from = -rho.max, to = rho.max, length.out = sim.length)
> sigma_0.value <- 2
> sigma_1.list  <- c(0, 0.25, 0.5, 1, 2, 4)
> # Generate empty lists to go across.
> rho_value.list <- c()
> sigma_0_value.list <- c()
> sigma_1_value.list <- c()
> average_total_effect.list <- c()
> average_indirect_effect.list <- c()
> average_direct_effect.list <- c()
> est_first_stage.list <- c()
> est_total_effect.list <- c()
> est_indirect_effect.list <- c()
> est_direct_effect.list <- c()
> var_D.list <- c()
> var_prob_D_X.list <- c()
> var_D1_D0.list <- c()
> var_cate_D_x.list <- c()
> # Perform the simulation across these values.
> for (rho.value in rho.list){
+     for (sigma_1.value in sigma_1.list){
+         # Simulate the data, with given rho, sigma_0, sigma_1
+         print(paste(rho.value, sigma_0.value, sigma_1.value))
+         sim.data <- simulate.data(rho.value, sigma_0.value, sigma_1.value,
+             sample.size = 10^4)
+         # Generate the real values, and estimated values.
+         theoretical.list <- theoretical.values(sim.data)
+         estimated.list <- estimated.values(sim.data)
+         # Store the values.
+         rho_value.list               <- c(rho.value,                                rho_value.list)
+         sigma_0_value.list           <- c(sigma_0.value,                            sigma_0_value.list)
+         sigma_1_value.list           <- c(sigma_1.value,                            sigma_1_value.list)
+         average_total_effect.list    <- c(theoretical.list$average_total_effect,    average_total_effect.list)
+         est_total_effect.list        <- c(estimated.list$est_total_effect,          est_total_effect.list)
+         average_indirect_effect.list <- c(theoretical.list$average_indirect_effect, average_indirect_effect.list)
+         est_indirect_effect.list     <- c(estimated.list$est_indirect_effect,       est_indirect_effect.list)
+         average_direct_effect.list   <- c(theoretical.list$average_direct_effect,   average_direct_effect.list)
+         est_direct_effect.list       <- c(estimated.list$est_direct_effect,         est_direct_effect.list)
+         var_D.list                   <- c(theoretical.list$var_D,                   var_D.list)
+         var_prob_D_X.list            <- c(theoretical.list$var_prob_D_X,            var_prob_D_X.list)
+         var_D1_D0.list               <- c(theoretical.list$var_D1_D0,               var_D1_D0.list)
+         var_cate_D_x.list            <- c(theoretical.list$var_cate_D_x,            var_cate_D_x.list)
+     }
+ }
[1] "-0.95 2 0"
[1] "How many compliers in the sample?"
firststage.designation
Always-taker     Complier  Never-taker 
      0.5011       0.2814       0.2175 
[1] "-0.95 2 0.25"
[1] "How many compliers in the sample?"
firststage.designation
Always-taker     Complier  Never-taker 
       0.509        0.256        0.235 
[1] "-0.95 2 0.5"
[1] "How many compliers in the sample?"
firststage.designation
Always-taker     Complier  Never-taker 
      0.4964       0.2425       0.2611 
[1] "-0.95 2 1"
[1] "How many compliers in the sample?"
firststage.designation
Always-taker     Complier  Never-taker 
      0.4994       0.2130       0.2876 
[1] "-0.95 2 2"
[1] "How many compliers in the sample?"
firststage.designation
Always-taker     Complier  Never-taker 
      0.5025       0.1595       0.3380 
[1] "-0.95 2 4"
[1] "How many compliers in the sample?"
firststage.designation
Always-taker     Complier  Never-taker 
      0.4986       0.1070       0.3944 
[1] "-0.930808080808081 2 0"
[1] "How many compliers in the sample?"
firststage.designation
Always-taker     Complier  Never-taker 
      0.5017       0.2730       0.2253 
[1] "-0.930808080808081 2 0.25"
[1] "How many compliers in the sample?"
firststage.designation
Always-taker     Complier  Never-taker 
      0.5000       0.2587       0.2413 
[1] "-0.930808080808081 2 0.5"
[1] "How many compliers in the sample?"
firststage.designation
Always-taker     Complier  Never-taker 
      0.5064       0.2413       0.2523 
[1] "-0.930808080808081 2 1"
[1] "How many compliers in the sample?"
firststage.designation
Always-taker     Complier  Never-taker 
      0.4962       0.2175       0.2863 
[1] "-0.930808080808081 2 2"
[1] "How many compliers in the sample?"
firststage.designation
Always-taker     Complier  Never-taker 
      0.4997       0.1666       0.3337 
[1] "-0.930808080808081 2 4"
[1] "How many compliers in the sample?"
firststage.designation
Always-taker     Complier  Never-taker 
      0.4985       0.1124       0.3891 
[1] "-0.911616161616162 2 0"
[1] "How many compliers in the sample?"
firststage.designation
Always-taker     Complier  Never-taker 
      0.5041       0.2800       0.2159 
[1] "-0.911616161616162 2 0.25"
[1] "How many compliers in the sample?"
firststage.designation
Always-taker     Complier  Never-taker 
      0.4978       0.2680       0.2342 
[1] "-0.911616161616162 2 0.5"
[1] "How many compliers in the sample?"
firststage.designation
Always-taker     Complier  Never-taker 
      0.5036       0.2450       0.2514 
[1] "-0.911616161616162 2 1"
[1] "How many compliers in the sample?"
firststage.designation
Always-taker     Complier  Never-taker 
      0.5030       0.2146       0.2824 
[1] "-0.911616161616162 2 2"
[1] "How many compliers in the sample?"
firststage.designation
Always-taker     Complier  Never-taker 
      0.5014       0.1712       0.3274 
[1] "-0.911616161616162 2 4"
[1] "How many compliers in the sample?"
firststage.designation
Always-taker     Complier  Never-taker 
      0.5034       0.1123       0.3843 
[1] "-0.892424242424242 2 0"
[1] "How many compliers in the sample?"
firststage.designation
Always-taker     Complier  Never-taker 
      0.4906       0.2843       0.2251 
[1] "-0.892424242424242 2 0.25"
[1] "How many compliers in the sample?"
firststage.designation
Always-taker     Complier  Never-taker 
      0.5087       0.2530       0.2383 
[1] "-0.892424242424242 2 0.5"
[1] "How many compliers in the sample?"
firststage.designation
Always-taker     Complier  Never-taker 
      0.5051       0.2418       0.2531 
[1] "-0.892424242424242 2 1"
[1] "How many compliers in the sample?"
firststage.designation
Always-taker     Complier  Never-taker 
      0.5039       0.2119       0.2842 
[1] "-0.892424242424242 2 2"
[1] "How many compliers in the sample?"
firststage.designation
Always-taker     Complier  Never-taker 
      0.4987       0.1652       0.3361 
[1] "-0.892424242424242 2 4"
[1] "How many compliers in the sample?"
firststage.designation
Always-taker     Complier  Never-taker 
      0.5025       0.1137       0.3838 
[1] "-0.873232323232323 2 0"
[1] "How many compliers in the sample?"
firststage.designation
Always-taker     Complier  Never-taker 
      0.5020       0.2839       0.2141 
[1] "-0.873232323232323 2 0.25"
[1] "How many compliers in the sample?"
firststage.designation
Always-taker     Complier  Never-taker 
      0.5045       0.2635       0.2320 
[1] "-0.873232323232323 2 0.5"
[1] "How many compliers in the sample?"
firststage.designation
Always-taker     Complier  Never-taker 
      0.5003       0.2457       0.2540 
[1] "-0.873232323232323 2 1"
[1] "How many compliers in the sample?"
firststage.designation
Always-taker     Complier  Never-taker 
      0.4945       0.2203       0.2852 
[1] "-0.873232323232323 2 2"
[1] "How many compliers in the sample?"
firststage.designation
Always-taker     Complier  Never-taker 
      0.5021       0.1661       0.3318 
[1] "-0.873232323232323 2 4"
[1] "How many compliers in the sample?"
firststage.designation
Always-taker     Complier  Never-taker 
      0.5062       0.1154       0.3784 
[1] "-0.854040404040404 2 0"
[1] "How many compliers in the sample?"
firststage.designation
Always-taker     Complier  Never-taker 
      0.5049       0.2847       0.2104 
[1] "-0.854040404040404 2 0.25"
[1] "How many compliers in the sample?"
firststage.designation
Always-taker     Complier  Never-taker 
      0.5019       0.2652       0.2329 
[1] "-0.854040404040404 2 0.5"
[1] "How many compliers in the sample?"
firststage.designation
Always-taker     Complier  Never-taker 
      0.5026       0.2461       0.2513 
[1] "-0.854040404040404 2 1"
[1] "How many compliers in the sample?"
firststage.designation
Always-taker     Complier  Never-taker 
      0.4947       0.2132       0.2921 
[1] "-0.854040404040404 2 2"
[1] "How many compliers in the sample?"
firststage.designation
Always-taker     Complier  Never-taker 
      0.5047       0.1720       0.3233 
[1] "-0.854040404040404 2 4"
[1] "How many compliers in the sample?"
firststage.designation
Always-taker     Complier  Never-taker 
      0.4973       0.1183       0.3844 
[1] "-0.834848484848485 2 0"
[1] "How many compliers in the sample?"
firststage.designation
Always-taker     Complier  Never-taker 
      0.4988       0.2818       0.2194 
[1] "-0.834848484848485 2 0.25"
[1] "How many compliers in the sample?"
firststage.designation
Always-taker     Complier  Never-taker 
      0.4993       0.2675       0.2332 
[1] "-0.834848484848485 2 0.5"
[1] "How many compliers in the sample?"
firststage.designation
Always-taker     Complier  Never-taker 
      0.5032       0.2461       0.2507 
[1] "-0.834848484848485 2 1"
[1] "How many compliers in the sample?"
firststage.designation
Always-taker     Complier  Never-taker 
      0.4981       0.2170       0.2849 
[1] "-0.834848484848485 2 2"
[1] "How many compliers in the sample?"
firststage.designation
Always-taker     Complier  Never-taker 
      0.4965       0.1698       0.3337 
[1] "-0.834848484848485 2 4"
[1] "How many compliers in the sample?"
firststage.designation
Always-taker     Complier  Never-taker 
      0.5036       0.1106       0.3858 
[1] "-0.815656565656566 2 0"
[1] "How many compliers in the sample?"
firststage.designation
Always-taker     Complier  Never-taker 
      0.5003       0.2789       0.2208 
[1] "-0.815656565656566 2 0.25"
[1] "How many compliers in the sample?"
firststage.designation
Always-taker     Complier  Never-taker 
      0.5119       0.2562       0.2319 
[1] "-0.815656565656566 2 0.5"
[1] "How many compliers in the sample?"
firststage.designation
Always-taker     Complier  Never-taker 
       0.494        0.249        0.257 
[1] "-0.815656565656566 2 1"
[1] "How many compliers in the sample?"
firststage.designation
Always-taker     Complier  Never-taker 
      0.5000       0.2174       0.2826 
[1] "-0.815656565656566 2 2"
[1] "How many compliers in the sample?"
firststage.designation
Always-taker     Complier  Never-taker 
      0.5039       0.1734       0.3227 
[1] "-0.815656565656566 2 4"
[1] "How many compliers in the sample?"
firststage.designation
Always-taker     Complier  Never-taker 
      0.4915       0.1204       0.3881 
[1] "-0.796464646464646 2 0"
[1] "How many compliers in the sample?"
firststage.designation
Always-taker     Complier  Never-taker 
      0.5006       0.2810       0.2184 
[1] "-0.796464646464646 2 0.25"
[1] "How many compliers in the sample?"
firststage.designation
Always-taker     Complier  Never-taker 
      0.5043       0.2638       0.2319 
[1] "-0.796464646464646 2 0.5"
[1] "How many compliers in the sample?"
firststage.designation
Always-taker     Complier  Never-taker 
      0.4952       0.2469       0.2579 
[1] "-0.796464646464646 2 1"
[1] "How many compliers in the sample?"
firststage.designation
Always-taker     Complier  Never-taker 
      0.4958       0.2220       0.2822 
[1] "-0.796464646464646 2 2"
[1] "How many compliers in the sample?"
firststage.designation
Always-taker     Complier  Never-taker 
      0.4923       0.1714       0.3363 
[1] "-0.796464646464646 2 4"
[1] "How many compliers in the sample?"
firststage.designation
Always-taker     Complier  Never-taker 
      0.4969       0.1226       0.3805 
[1] "-0.777272727272727 2 0"
[1] "How many compliers in the sample?"
firststage.designation
Always-taker     Complier  Never-taker 
      0.4969       0.2792       0.2239 
[1] "-0.777272727272727 2 0.25"
[1] "How many compliers in the sample?"
firststage.designation
Always-taker     Complier  Never-taker 
      0.4993       0.2578       0.2429 
[1] "-0.777272727272727 2 0.5"
[1] "How many compliers in the sample?"
firststage.designation
Always-taker     Complier  Never-taker 
      0.4940       0.2499       0.2561 
[1] "-0.777272727272727 2 1"
[1] "How many compliers in the sample?"
firststage.designation
Always-taker     Complier  Never-taker 
      0.4982       0.2171       0.2847 
[1] "-0.777272727272727 2 2"
[1] "How many compliers in the sample?"
firststage.designation
Always-taker     Complier  Never-taker 
      0.5020       0.1714       0.3266 
[1] "-0.777272727272727 2 4"
[1] "How many compliers in the sample?"
firststage.designation
Always-taker     Complier  Never-taker 
      0.4968       0.1209       0.3823 
[1] "-0.758080808080808 2 0"
[1] "How many compliers in the sample?"
firststage.designation
Always-taker     Complier  Never-taker 
      0.5000       0.2824       0.2176 
[1] "-0.758080808080808 2 0.25"
[1] "How many compliers in the sample?"
firststage.designation
Always-taker     Complier  Never-taker 
      0.4999       0.2642       0.2359 
[1] "-0.758080808080808 2 0.5"
[1] "How many compliers in the sample?"
firststage.designation
Always-taker     Complier  Never-taker 
      0.4989       0.2494       0.2517 
[1] "-0.758080808080808 2 1"
[1] "How many compliers in the sample?"
firststage.designation
Always-taker     Complier  Never-taker 
      0.4998       0.2208       0.2794 
[1] "-0.758080808080808 2 2"
[1] "How many compliers in the sample?"
firststage.designation
Always-taker     Complier  Never-taker 
      0.4997       0.1701       0.3302 
[1] "-0.758080808080808 2 4"
[1] "How many compliers in the sample?"
firststage.designation
Always-taker     Complier  Never-taker 
      0.4940       0.1219       0.3841 
[1] "-0.738888888888889 2 0"
[1] "How many compliers in the sample?"
firststage.designation
Always-taker     Complier  Never-taker 
      0.4961       0.2789       0.2250 
[1] "-0.738888888888889 2 0.25"
[1] "How many compliers in the sample?"
firststage.designation
Always-taker     Complier  Never-taker 
      0.5053       0.2619       0.2328 
[1] "-0.738888888888889 2 0.5"
[1] "How many compliers in the sample?"
firststage.designation
Always-taker     Complier  Never-taker 
      0.4992       0.2472       0.2536 
[1] "-0.738888888888889 2 1"
[1] "How many compliers in the sample?"
firststage.designation
Always-taker     Complier  Never-taker 
      0.5015       0.2157       0.2828 
[1] "-0.738888888888889 2 2"
[1] "How many compliers in the sample?"
firststage.designation
Always-taker     Complier  Never-taker 
      0.5104       0.1728       0.3168 
[1] "-0.738888888888889 2 4"
[1] "How many compliers in the sample?"
firststage.designation
Always-taker     Complier  Never-taker 
      0.5005       0.1192       0.3803 
[1] "-0.71969696969697 2 0"
[1] "How many compliers in the sample?"
firststage.designation
Always-taker     Complier  Never-taker 
      0.4916       0.2890       0.2194 
[1] "-0.71969696969697 2 0.25"
[1] "How many compliers in the sample?"
firststage.designation
Always-taker     Complier  Never-taker 
      0.5046       0.2609       0.2345 
[1] "-0.71969696969697 2 0.5"
[1] "How many compliers in the sample?"
firststage.designation
Always-taker     Complier  Never-taker 
      0.4992       0.2511       0.2497 
[1] "-0.71969696969697 2 1"
[1] "How many compliers in the sample?"
firststage.designation
Always-taker     Complier  Never-taker 
      0.5033       0.2220       0.2747 
[1] "-0.71969696969697 2 2"
[1] "How many compliers in the sample?"
firststage.designation
Always-taker     Complier  Never-taker 
      0.5070       0.1675       0.3255 
[1] "-0.71969696969697 2 4"
[1] "How many compliers in the sample?"
firststage.designation
Always-taker     Complier  Never-taker 
      0.5011       0.1228       0.3761 
[1] "-0.700505050505051 2 0"
[1] "How many compliers in the sample?"
firststage.designation
Always-taker     Complier  Never-taker 
      0.4936       0.2707       0.2357 
[1] "-0.700505050505051 2 0.25"
[1] "How many compliers in the sample?"
firststage.designation
Always-taker     Complier  Never-taker 
      0.4941       0.2662       0.2397 
[1] "-0.700505050505051 2 0.5"
[1] "How many compliers in the sample?"
firststage.designation
Always-taker     Complier  Never-taker 
      0.4926       0.2463       0.2611 
[1] "-0.700505050505051 2 1"
[1] "How many compliers in the sample?"
firststage.designation
Always-taker     Complier  Never-taker 
      0.4915       0.2245       0.2840 
[1] "-0.700505050505051 2 2"
[1] "How many compliers in the sample?"
firststage.designation
Always-taker     Complier  Never-taker 
      0.4994       0.1792       0.3214 
[1] "-0.700505050505051 2 4"
[1] "How many compliers in the sample?"
firststage.designation
Always-taker     Complier  Never-taker 
      0.5073       0.1219       0.3708 
[1] "-0.681313131313131 2 0"
[1] "How many compliers in the sample?"
firststage.designation
Always-taker     Complier  Never-taker 
      0.4943       0.2830       0.2227 
[1] "-0.681313131313131 2 0.25"
[1] "How many compliers in the sample?"
firststage.designation
Always-taker     Complier  Never-taker 
      0.4989       0.2623       0.2388 
[1] "-0.681313131313131 2 0.5"
[1] "How many compliers in the sample?"
firststage.designation
Always-taker     Complier  Never-taker 
      0.5036       0.2449       0.2515 
[1] "-0.681313131313131 2 1"
[1] "How many compliers in the sample?"
firststage.designation
Always-taker     Complier  Never-taker 
      0.5030       0.2224       0.2746 
[1] "-0.681313131313131 2 2"
[1] "How many compliers in the sample?"
firststage.designation
Always-taker     Complier  Never-taker 
      0.5003       0.1817       0.3180 
[1] "-0.681313131313131 2 4"
[1] "How many compliers in the sample?"
firststage.designation
Always-taker     Complier  Never-taker 
      0.5067       0.1150       0.3783 
[1] "-0.662121212121212 2 0"
[1] "How many compliers in the sample?"
firststage.designation
Always-taker     Complier  Never-taker 
      0.5031       0.2786       0.2183 
[1] "-0.662121212121212 2 0.25"
[1] "How many compliers in the sample?"
firststage.designation
Always-taker     Complier  Never-taker 
      0.4876       0.2770       0.2354 
[1] "-0.662121212121212 2 0.5"
[1] "How many compliers in the sample?"
firststage.designation
Always-taker     Complier  Never-taker 
      0.4982       0.2503       0.2515 
[1] "-0.662121212121212 2 1"
[1] "How many compliers in the sample?"
firststage.designation
Always-taker     Complier  Never-taker 
      0.4999       0.2201       0.2800 
[1] "-0.662121212121212 2 2"
[1] "How many compliers in the sample?"
firststage.designation
Always-taker     Complier  Never-taker 
      0.5070       0.1747       0.3183 
[1] "-0.662121212121212 2 4"
[1] "How many compliers in the sample?"
firststage.designation
Always-taker     Complier  Never-taker 
      0.4935       0.1226       0.3839 
[1] "-0.642929292929293 2 0"
[1] "How many compliers in the sample?"
firststage.designation
Always-taker     Complier  Never-taker 
      0.5049       0.2774       0.2177 
[1] "-0.642929292929293 2 0.25"
[1] "How many compliers in the sample?"
firststage.designation
Always-taker     Complier  Never-taker 
      0.5019       0.2614       0.2367 
[1] "-0.642929292929293 2 0.5"
[1] "How many compliers in the sample?"
firststage.designation
Always-taker     Complier  Never-taker 
      0.5022       0.2495       0.2483 
[1] "-0.642929292929293 2 1"
[1] "How many compliers in the sample?"
firststage.designation
Always-taker     Complier  Never-taker 
      0.5088       0.2216       0.2696 
[1] "-0.642929292929293 2 2"
[1] "How many compliers in the sample?"
firststage.designation
Always-taker     Complier  Never-taker 
      0.4990       0.1786       0.3224 
[1] "-0.642929292929293 2 4"
[1] "How many compliers in the sample?"
firststage.designation
Always-taker     Complier  Never-taker 
      0.5100       0.1223       0.3677 
[1] "-0.623737373737374 2 0"
[1] "How many compliers in the sample?"
firststage.designation
Always-taker     Complier  Never-taker 
      0.4912       0.2840       0.2248 
[1] "-0.623737373737374 2 0.25"
[1] "How many compliers in the sample?"
firststage.designation
Always-taker     Complier  Never-taker 
      0.5049       0.2585       0.2366 
[1] "-0.623737373737374 2 0.5"
[1] "How many compliers in the sample?"
firststage.designation
Always-taker     Complier  Never-taker 
      0.5016       0.2474       0.2510 
[1] "-0.623737373737374 2 1"
[1] "How many compliers in the sample?"
firststage.designation
Always-taker     Complier  Never-taker 
      0.4935       0.2258       0.2807 
[1] "-0.623737373737374 2 2"
[1] "How many compliers in the sample?"
firststage.designation
Always-taker     Complier  Never-taker 
      0.5003       0.1776       0.3221 
[1] "-0.623737373737374 2 4"
[1] "How many compliers in the sample?"
firststage.designation
Always-taker     Complier  Never-taker 
      0.5043       0.1242       0.3715 
[1] "-0.604545454545454 2 0"
[1] "How many compliers in the sample?"
firststage.designation
Always-taker     Complier  Never-taker 
      0.5015       0.2793       0.2192 
[1] "-0.604545454545454 2 0.25"
[1] "How many compliers in the sample?"
firststage.designation
Always-taker     Complier  Never-taker 
      0.5044       0.2709       0.2247 
[1] "-0.604545454545454 2 0.5"
[1] "How many compliers in the sample?"
firststage.designation
Always-taker     Complier  Never-taker 
      0.5024       0.2550       0.2426 
[1] "-0.604545454545454 2 1"
[1] "How many compliers in the sample?"
firststage.designation
Always-taker     Complier  Never-taker 
      0.5035       0.2216       0.2749 
[1] "-0.604545454545454 2 2"
[1] "How many compliers in the sample?"
firststage.designation
Always-taker     Complier  Never-taker 
      0.4936       0.1816       0.3248 
[1] "-0.604545454545454 2 4"
[1] "How many compliers in the sample?"
firststage.designation
Always-taker     Complier  Never-taker 
      0.5052       0.1222       0.3726 
[1] "-0.585353535353535 2 0"
[1] "How many compliers in the sample?"
firststage.designation
Always-taker     Complier  Never-taker 
      0.5036       0.2792       0.2172 
[1] "-0.585353535353535 2 0.25"
[1] "How many compliers in the sample?"
firststage.designation
Always-taker     Complier  Never-taker 
      0.4944       0.2711       0.2345 
[1] "-0.585353535353535 2 0.5"
[1] "How many compliers in the sample?"
firststage.designation
Always-taker     Complier  Never-taker 
      0.4983       0.2575       0.2442 
[1] "-0.585353535353535 2 1"
[1] "How many compliers in the sample?"
firststage.designation
Always-taker     Complier  Never-taker 
      0.5033       0.2209       0.2758 
[1] "-0.585353535353535 2 2"
[1] "How many compliers in the sample?"
firststage.designation
Always-taker     Complier  Never-taker 
      0.5043       0.1845       0.3112 
[1] "-0.585353535353535 2 4"
[1] "How many compliers in the sample?"
firststage.designation
Always-taker     Complier  Never-taker 
      0.5117       0.1220       0.3663 
[1] "-0.566161616161616 2 0"
[1] "How many compliers in the sample?"
firststage.designation
Always-taker     Complier  Never-taker 
      0.5059       0.2778       0.2163 
[1] "-0.566161616161616 2 0.25"
[1] "How many compliers in the sample?"
firststage.designation
Always-taker     Complier  Never-taker 
      0.4950       0.2708       0.2342 
[1] "-0.566161616161616 2 0.5"
[1] "How many compliers in the sample?"
firststage.designation
Always-taker     Complier  Never-taker 
      0.4934       0.2554       0.2512 
[1] "-0.566161616161616 2 1"
[1] "How many compliers in the sample?"
firststage.designation
Always-taker     Complier  Never-taker 
      0.4986       0.2249       0.2765 
[1] "-0.566161616161616 2 2"
[1] "How many compliers in the sample?"
firststage.designation
Always-taker     Complier  Never-taker 
      0.4992       0.1840       0.3168 
[1] "-0.566161616161616 2 4"
[1] "How many compliers in the sample?"
firststage.designation
Always-taker     Complier  Never-taker 
      0.5077       0.1286       0.3637 
[1] "-0.546969696969697 2 0"
[1] "How many compliers in the sample?"
firststage.designation
Always-taker     Complier  Never-taker 
      0.4956       0.2826       0.2218 
[1] "-0.546969696969697 2 0.25"
[1] "How many compliers in the sample?"
firststage.designation
Always-taker     Complier  Never-taker 
      0.4924       0.2759       0.2317 
[1] "-0.546969696969697 2 0.5"
[1] "How many compliers in the sample?"
firststage.designation
Always-taker     Complier  Never-taker 
      0.4982       0.2546       0.2472 
[1] "-0.546969696969697 2 1"
[1] "How many compliers in the sample?"
firststage.designation
Always-taker     Complier  Never-taker 
      0.4987       0.2268       0.2745 
[1] "-0.546969696969697 2 2"
[1] "How many compliers in the sample?"
firststage.designation
Always-taker     Complier  Never-taker 
      0.4970       0.1821       0.3209 
[1] "-0.546969696969697 2 4"
[1] "How many compliers in the sample?"
firststage.designation
Always-taker     Complier  Never-taker 
      0.5031       0.1270       0.3699 
[1] "-0.527777777777778 2 0"
[1] "How many compliers in the sample?"
firststage.designation
Always-taker     Complier  Never-taker 
      0.5063       0.2788       0.2149 
[1] "-0.527777777777778 2 0.25"
[1] "How many compliers in the sample?"
firststage.designation
Always-taker     Complier  Never-taker 
      0.4972       0.2645       0.2383 
[1] "-0.527777777777778 2 0.5"
[1] "How many compliers in the sample?"
firststage.designation
Always-taker     Complier  Never-taker 
      0.4986       0.2564       0.2450 
[1] "-0.527777777777778 2 1"
[1] "How many compliers in the sample?"
firststage.designation
Always-taker     Complier  Never-taker 
      0.5002       0.2335       0.2663 
[1] "-0.527777777777778 2 2"
[1] "How many compliers in the sample?"
firststage.designation
Always-taker     Complier  Never-taker 
      0.4989       0.1851       0.3160 
[1] "-0.527777777777778 2 4"
[1] "How many compliers in the sample?"
firststage.designation
Always-taker     Complier  Never-taker 
      0.5021       0.1221       0.3758 
[1] "-0.508585858585859 2 0"
[1] "How many compliers in the sample?"
firststage.designation
Always-taker     Complier  Never-taker 
      0.4958       0.2797       0.2245 
[1] "-0.508585858585859 2 0.25"
[1] "How many compliers in the sample?"
firststage.designation
Always-taker     Complier  Never-taker 
      0.4962       0.2757       0.2281 
[1] "-0.508585858585859 2 0.5"
[1] "How many compliers in the sample?"
firststage.designation
Always-taker     Complier  Never-taker 
      0.4988       0.2536       0.2476 
[1] "-0.508585858585859 2 1"
[1] "How many compliers in the sample?"
firststage.designation
Always-taker     Complier  Never-taker 
      0.5062       0.2319       0.2619 
[1] "-0.508585858585859 2 2"
[1] "How many compliers in the sample?"
firststage.designation
Always-taker     Complier  Never-taker 
      0.5036       0.1862       0.3102 
[1] "-0.508585858585859 2 4"
[1] "How many compliers in the sample?"
firststage.designation
Always-taker     Complier  Never-taker 
      0.4947       0.1313       0.3740 
[1] "-0.489393939393939 2 0"
[1] "How many compliers in the sample?"
firststage.designation
Always-taker     Complier  Never-taker 
      0.4994       0.2746       0.2260 
[1] "-0.489393939393939 2 0.25"
[1] "How many compliers in the sample?"
firststage.designation
Always-taker     Complier  Never-taker 
      0.4893       0.2762       0.2345 
[1] "-0.489393939393939 2 0.5"
[1] "How many compliers in the sample?"
firststage.designation
Always-taker     Complier  Never-taker 
      0.4967       0.2599       0.2434 
[1] "-0.489393939393939 2 1"
[1] "How many compliers in the sample?"
firststage.designation
Always-taker     Complier  Never-taker 
      0.4943       0.2286       0.2771 
[1] "-0.489393939393939 2 2"
[1] "How many compliers in the sample?"
firststage.designation
Always-taker     Complier  Never-taker 
      0.5000       0.1893       0.3107 
[1] "-0.489393939393939 2 4"
[1] "How many compliers in the sample?"
firststage.designation
Always-taker     Complier  Never-taker 
      0.5069       0.1238       0.3693 
[1] "-0.47020202020202 2 0"
[1] "How many compliers in the sample?"
firststage.designation
Always-taker     Complier  Never-taker 
      0.5029       0.2780       0.2191 
[1] "-0.47020202020202 2 0.25"
[1] "How many compliers in the sample?"
firststage.designation
Always-taker     Complier  Never-taker 
      0.4963       0.2713       0.2324 
[1] "-0.47020202020202 2 0.5"
[1] "How many compliers in the sample?"
firststage.designation
Always-taker     Complier  Never-taker 
      0.4908       0.2636       0.2456 
[1] "-0.47020202020202 2 1"
[1] "How many compliers in the sample?"
firststage.designation
Always-taker     Complier  Never-taker 
      0.5059       0.2324       0.2617 
[1] "-0.47020202020202 2 2"
[1] "How many compliers in the sample?"
firststage.designation
Always-taker     Complier  Never-taker 
      0.5061       0.1848       0.3091 
[1] "-0.47020202020202 2 4"
[1] "How many compliers in the sample?"
firststage.designation
Always-taker     Complier  Never-taker 
      0.5076       0.1256       0.3668 
[1] "-0.451010101010101 2 0"
[1] "How many compliers in the sample?"
firststage.designation
Always-taker     Complier  Never-taker 
      0.5084       0.2795       0.2121 
[1] "-0.451010101010101 2 0.25"
[1] "How many compliers in the sample?"
firststage.designation
Always-taker     Complier  Never-taker 
      0.5037       0.2676       0.2287 
[1] "-0.451010101010101 2 0.5"
[1] "How many compliers in the sample?"
firststage.designation
Always-taker     Complier  Never-taker 
      0.4990       0.2629       0.2381 
[1] "-0.451010101010101 2 1"
[1] "How many compliers in the sample?"
firststage.designation
Always-taker     Complier  Never-taker 
      0.4935       0.2342       0.2723 
[1] "-0.451010101010101 2 2"
[1] "How many compliers in the sample?"
firststage.designation
Always-taker     Complier  Never-taker 
      0.4947       0.1894       0.3159 
[1] "-0.451010101010101 2 4"
[1] "How many compliers in the sample?"
firststage.designation
Always-taker     Complier  Never-taker 
      0.4856       0.1344       0.3800 
[1] "-0.431818181818182 2 0"
[1] "How many compliers in the sample?"
firststage.designation
Always-taker     Complier  Never-taker 
      0.4988       0.2814       0.2198 
[1] "-0.431818181818182 2 0.25"
[1] "How many compliers in the sample?"
firststage.designation
Always-taker     Complier  Never-taker 
      0.5055       0.2693       0.2252 
[1] "-0.431818181818182 2 0.5"
[1] "How many compliers in the sample?"
firststage.designation
Always-taker     Complier  Never-taker 
      0.5076       0.2473       0.2451 
[1] "-0.431818181818182 2 1"
[1] "How many compliers in the sample?"
firststage.designation
Always-taker     Complier  Never-taker 
      0.5066       0.2352       0.2582 
[1] "-0.431818181818182 2 2"
[1] "How many compliers in the sample?"
firststage.designation
Always-taker     Complier  Never-taker 
      0.5055       0.1915       0.3030 
[1] "-0.431818181818182 2 4"
[1] "How many compliers in the sample?"
firststage.designation
Always-taker     Complier  Never-taker 
      0.4943       0.1273       0.3784 
[1] "-0.412626262626263 2 0"
[1] "How many compliers in the sample?"
firststage.designation
Always-taker     Complier  Never-taker 
      0.5002       0.2818       0.2180 
[1] "-0.412626262626263 2 0.25"
[1] "How many compliers in the sample?"
firststage.designation
Always-taker     Complier  Never-taker 
      0.4983       0.2660       0.2357 
[1] "-0.412626262626263 2 0.5"
[1] "How many compliers in the sample?"
firststage.designation
Always-taker     Complier  Never-taker 
      0.4971       0.2561       0.2468 
[1] "-0.412626262626263 2 1"
[1] "How many compliers in the sample?"
firststage.designation
Always-taker     Complier  Never-taker 
      0.5058       0.2317       0.2625 
[1] "-0.412626262626263 2 2"
[1] "How many compliers in the sample?"
firststage.designation
Always-taker     Complier  Never-taker 
      0.4936       0.1930       0.3134 
[1] "-0.412626262626263 2 4"
[1] "How many compliers in the sample?"
firststage.designation
Always-taker     Complier  Never-taker 
      0.5035       0.1297       0.3668 
[1] "-0.393434343434343 2 0"
[1] "How many compliers in the sample?"
firststage.designation
Always-taker     Complier  Never-taker 
      0.5020       0.2805       0.2175 
[1] "-0.393434343434343 2 0.25"
[1] "How many compliers in the sample?"
firststage.designation
Always-taker     Complier  Never-taker 
      0.5061       0.2683       0.2256 
[1] "-0.393434343434343 2 0.5"
[1] "How many compliers in the sample?"
firststage.designation
Always-taker     Complier  Never-taker 
      0.4919       0.2652       0.2429 
[1] "-0.393434343434343 2 1"
[1] "How many compliers in the sample?"
firststage.designation
Always-taker     Complier  Never-taker 
      0.4994       0.2353       0.2653 
[1] "-0.393434343434343 2 2"
[1] "How many compliers in the sample?"
firststage.designation
Always-taker     Complier  Never-taker 
      0.4978       0.1937       0.3085 
[1] "-0.393434343434343 2 4"
[1] "How many compliers in the sample?"
firststage.designation
Always-taker     Complier  Never-taker 
      0.4890       0.1319       0.3791 
[1] "-0.374242424242424 2 0"
[1] "How many compliers in the sample?"
firststage.designation
Always-taker     Complier  Never-taker 
      0.4975       0.2900       0.2125 
[1] "-0.374242424242424 2 0.25"
[1] "How many compliers in the sample?"
firststage.designation
Always-taker     Complier  Never-taker 
      0.5010       0.2777       0.2213 
[1] "-0.374242424242424 2 0.5"
[1] "How many compliers in the sample?"
firststage.designation
Always-taker     Complier  Never-taker 
      0.4972       0.2631       0.2397 
[1] "-0.374242424242424 2 1"
[1] "How many compliers in the sample?"
firststage.designation
Always-taker     Complier  Never-taker 
      0.5014       0.2455       0.2531 
[1] "-0.374242424242424 2 2"
[1] "How many compliers in the sample?"
firststage.designation
Always-taker     Complier  Never-taker 
      0.4926       0.1961       0.3113 
[1] "-0.374242424242424 2 4"
[1] "How many compliers in the sample?"
firststage.designation
Always-taker     Complier  Never-taker 
      0.5056       0.1308       0.3636 
[1] "-0.355050505050505 2 0"
[1] "How many compliers in the sample?"
firststage.designation
Always-taker     Complier  Never-taker 
      0.4927       0.2930       0.2143 
[1] "-0.355050505050505 2 0.25"
[1] "How many compliers in the sample?"
firststage.designation
Always-taker     Complier  Never-taker 
      0.4984       0.2731       0.2285 
[1] "-0.355050505050505 2 0.5"
[1] "How many compliers in the sample?"
firststage.designation
Always-taker     Complier  Never-taker 
      0.4999       0.2594       0.2407 
[1] "-0.355050505050505 2 1"
[1] "How many compliers in the sample?"
firststage.designation
Always-taker     Complier  Never-taker 
      0.5083       0.2372       0.2545 
[1] "-0.355050505050505 2 2"
[1] "How many compliers in the sample?"
firststage.designation
Always-taker     Complier  Never-taker 
      0.5046       0.1884       0.3070 
[1] "-0.355050505050505 2 4"
[1] "How many compliers in the sample?"
firststage.designation
Always-taker     Complier  Never-taker 
      0.5044       0.1320       0.3636 
[1] "-0.335858585858586 2 0"
[1] "How many compliers in the sample?"
firststage.designation
Always-taker     Complier  Never-taker 
      0.4952       0.2809       0.2239 
[1] "-0.335858585858586 2 0.25"
[1] "How many compliers in the sample?"
firststage.designation
Always-taker     Complier  Never-taker 
      0.4981       0.2777       0.2242 
[1] "-0.335858585858586 2 0.5"
[1] "How many compliers in the sample?"
firststage.designation
Always-taker     Complier  Never-taker 
      0.5046       0.2613       0.2341 
[1] "-0.335858585858586 2 1"
[1] "How many compliers in the sample?"
firststage.designation
Always-taker     Complier  Never-taker 
      0.4903       0.2444       0.2653 
[1] "-0.335858585858586 2 2"
[1] "How many compliers in the sample?"
firststage.designation
Always-taker     Complier  Never-taker 
      0.4940       0.1986       0.3074 
[1] "-0.335858585858586 2 4"
[1] "How many compliers in the sample?"
firststage.designation
Always-taker     Complier  Never-taker 
      0.5039       0.1339       0.3622 
[1] "-0.316666666666667 2 0"
[1] "How many compliers in the sample?"
firststage.designation
Always-taker     Complier  Never-taker 
      0.5116       0.2751       0.2133 
[1] "-0.316666666666667 2 0.25"
[1] "How many compliers in the sample?"
firststage.designation
Always-taker     Complier  Never-taker 
      0.5015       0.2714       0.2271 
[1] "-0.316666666666667 2 0.5"
[1] "How many compliers in the sample?"
firststage.designation
Always-taker     Complier  Never-taker 
      0.4950       0.2678       0.2372 
[1] "-0.316666666666667 2 1"
[1] "How many compliers in the sample?"
firststage.designation
Always-taker     Complier  Never-taker 
      0.4963       0.2480       0.2557 
[1] "-0.316666666666667 2 2"
[1] "How many compliers in the sample?"
firststage.designation
Always-taker     Complier  Never-taker 
      0.4970       0.2012       0.3018 
[1] "-0.316666666666667 2 4"
[1] "How many compliers in the sample?"
firststage.designation
Always-taker     Complier  Never-taker 
      0.4948       0.1325       0.3727 
[1] "-0.297474747474747 2 0"
[1] "How many compliers in the sample?"
firststage.designation
Always-taker     Complier  Never-taker 
      0.5114       0.2799       0.2087 
[1] "-0.297474747474747 2 0.25"
[1] "How many compliers in the sample?"
firststage.designation
Always-taker     Complier  Never-taker 
      0.5039       0.2648       0.2313 
[1] "-0.297474747474747 2 0.5"
[1] "How many compliers in the sample?"
firststage.designation
Always-taker     Complier  Never-taker 
      0.5091       0.2547       0.2362 
[1] "-0.297474747474747 2 1"
[1] "How many compliers in the sample?"
firststage.designation
Always-taker     Complier  Never-taker 
      0.5003       0.2359       0.2638 
[1] "-0.297474747474747 2 2"
[1] "How many compliers in the sample?"
firststage.designation
Always-taker     Complier  Never-taker 
      0.5028       0.1975       0.2997 
[1] "-0.297474747474747 2 4"
[1] "How many compliers in the sample?"
firststage.designation
Always-taker     Complier  Never-taker 
      0.4992       0.1353       0.3655 
[1] "-0.278282828282828 2 0"
[1] "How many compliers in the sample?"
firststage.designation
Always-taker     Complier  Never-taker 
      0.4941       0.2824       0.2235 
[1] "-0.278282828282828 2 0.25"
[1] "How many compliers in the sample?"
firststage.designation
Always-taker     Complier  Never-taker 
      0.5009       0.2745       0.2246 
[1] "-0.278282828282828 2 0.5"
[1] "How many compliers in the sample?"
firststage.designation
Always-taker     Complier  Never-taker 
      0.5013       0.2676       0.2311 
[1] "-0.278282828282828 2 1"
[1] "How many compliers in the sample?"
firststage.designation
Always-taker     Complier  Never-taker 
      0.4907       0.2485       0.2608 
[1] "-0.278282828282828 2 2"
[1] "How many compliers in the sample?"
firststage.designation
Always-taker     Complier  Never-taker 
      0.5083       0.1998       0.2919 
[1] "-0.278282828282828 2 4"
[1] "How many compliers in the sample?"
firststage.designation
Always-taker     Complier  Never-taker 
      0.4947       0.1360       0.3693 
[1] "-0.259090909090909 2 0"
[1] "How many compliers in the sample?"
firststage.designation
Always-taker     Complier  Never-taker 
      0.4921       0.2875       0.2204 
[1] "-0.259090909090909 2 0.25"
[1] "How many compliers in the sample?"
firststage.designation
Always-taker     Complier  Never-taker 
      0.5047       0.2753       0.2200 
[1] "-0.259090909090909 2 0.5"
[1] "How many compliers in the sample?"
firststage.designation
Always-taker     Complier  Never-taker 
      0.5036       0.2624       0.2340 
[1] "-0.259090909090909 2 1"
[1] "How many compliers in the sample?"
firststage.designation
Always-taker     Complier  Never-taker 
      0.5019       0.2418       0.2563 
[1] "-0.259090909090909 2 2"
[1] "How many compliers in the sample?"
firststage.designation
Always-taker     Complier  Never-taker 
      0.4925       0.1994       0.3081 
[1] "-0.259090909090909 2 4"
[1] "How many compliers in the sample?"
firststage.designation
Always-taker     Complier  Never-taker 
      0.5039       0.1346       0.3615 
[1] "-0.23989898989899 2 0"
[1] "How many compliers in the sample?"
firststage.designation
Always-taker     Complier  Never-taker 
      0.5044       0.2784       0.2172 
[1] "-0.23989898989899 2 0.25"
[1] "How many compliers in the sample?"
firststage.designation
Always-taker     Complier  Never-taker 
      0.5103       0.2649       0.2248 
[1] "-0.23989898989899 2 0.5"
[1] "How many compliers in the sample?"
firststage.designation
Always-taker     Complier  Never-taker 
      0.4976       0.2642       0.2382 
[1] "-0.23989898989899 2 1"
[1] "How many compliers in the sample?"
firststage.designation
Always-taker     Complier  Never-taker 
      0.5069       0.2438       0.2493 
[1] "-0.23989898989899 2 2"
[1] "How many compliers in the sample?"
firststage.designation
Always-taker     Complier  Never-taker 
      0.4961       0.2009       0.3030 
[1] "-0.23989898989899 2 4"
[1] "How many compliers in the sample?"
firststage.designation
Always-taker     Complier  Never-taker 
      0.5019       0.1419       0.3562 
[1] "-0.220707070707071 2 0"
[1] "How many compliers in the sample?"
firststage.designation
Always-taker     Complier  Never-taker 
      0.5002       0.2773       0.2225 
[1] "-0.220707070707071 2 0.25"
[1] "How many compliers in the sample?"
firststage.designation
Always-taker     Complier  Never-taker 
      0.4989       0.2728       0.2283 
[1] "-0.220707070707071 2 0.5"
[1] "How many compliers in the sample?"
firststage.designation
Always-taker     Complier  Never-taker 
      0.5024       0.2655       0.2321 
[1] "-0.220707070707071 2 1"
[1] "How many compliers in the sample?"
firststage.designation
Always-taker     Complier  Never-taker 
      0.4922       0.2555       0.2523 
[1] "-0.220707070707071 2 2"
[1] "How many compliers in the sample?"
firststage.designation
Always-taker     Complier  Never-taker 
      0.5093       0.1971       0.2936 
[1] "-0.220707070707071 2 4"
[1] "How many compliers in the sample?"
firststage.designation
Always-taker     Complier  Never-taker 
      0.5043       0.1343       0.3614 
[1] "-0.201515151515152 2 0"
[1] "How many compliers in the sample?"
firststage.designation
Always-taker     Complier  Never-taker 
      0.5026       0.2761       0.2213 
[1] "-0.201515151515152 2 0.25"
[1] "How many compliers in the sample?"
firststage.designation
Always-taker     Complier  Never-taker 
      0.4921       0.2855       0.2224 
[1] "-0.201515151515152 2 0.5"
[1] "How many compliers in the sample?"
firststage.designation
Always-taker     Complier  Never-taker 
      0.4964       0.2677       0.2359 
[1] "-0.201515151515152 2 1"
[1] "How many compliers in the sample?"
firststage.designation
Always-taker     Complier  Never-taker 
      0.4982       0.2443       0.2575 
[1] "-0.201515151515152 2 2"
[1] "How many compliers in the sample?"
firststage.designation
Always-taker     Complier  Never-taker 
      0.4987       0.2022       0.2991 
[1] "-0.201515151515152 2 4"
[1] "How many compliers in the sample?"
firststage.designation
Always-taker     Complier  Never-taker 
      0.5004       0.1327       0.3669 
[1] "-0.182323232323232 2 0"
[1] "How many compliers in the sample?"
firststage.designation
Always-taker     Complier  Never-taker 
      0.4984       0.2817       0.2199 
[1] "-0.182323232323232 2 0.25"
[1] "How many compliers in the sample?"
firststage.designation
Always-taker     Complier  Never-taker 
      0.4921       0.2856       0.2223 
[1] "-0.182323232323232 2 0.5"
[1] "How many compliers in the sample?"
firststage.designation
Always-taker     Complier  Never-taker 
      0.4954       0.2688       0.2358 
[1] "-0.182323232323232 2 1"
[1] "How many compliers in the sample?"
firststage.designation
Always-taker     Complier  Never-taker 
      0.5059       0.2416       0.2525 
[1] "-0.182323232323232 2 2"
[1] "How many compliers in the sample?"
firststage.designation
Always-taker     Complier  Never-taker 
      0.5007       0.2081       0.2912 
[1] "-0.182323232323232 2 4"
[1] "How many compliers in the sample?"
firststage.designation
Always-taker     Complier  Never-taker 
      0.5084       0.1358       0.3558 
[1] "-0.163131313131313 2 0"
[1] "How many compliers in the sample?"
firststage.designation
Always-taker     Complier  Never-taker 
      0.5032       0.2817       0.2151 
[1] "-0.163131313131313 2 0.25"
[1] "How many compliers in the sample?"
firststage.designation
Always-taker     Complier  Never-taker 
      0.4996       0.2793       0.2211 
[1] "-0.163131313131313 2 0.5"
[1] "How many compliers in the sample?"
firststage.designation
Always-taker     Complier  Never-taker 
      0.4952       0.2670       0.2378 
[1] "-0.163131313131313 2 1"
[1] "How many compliers in the sample?"
firststage.designation
Always-taker     Complier  Never-taker 
      0.4960       0.2522       0.2518 
[1] "-0.163131313131313 2 2"
[1] "How many compliers in the sample?"
firststage.designation
Always-taker     Complier  Never-taker 
      0.5056       0.2095       0.2849 
[1] "-0.163131313131313 2 4"
[1] "How many compliers in the sample?"
firststage.designation
Always-taker     Complier  Never-taker 
      0.5051       0.1410       0.3539 
[1] "-0.143939393939394 2 0"
[1] "How many compliers in the sample?"
firststage.designation
Always-taker     Complier  Never-taker 
      0.4968       0.2794       0.2238 
[1] "-0.143939393939394 2 0.25"
[1] "How many compliers in the sample?"
firststage.designation
Always-taker     Complier  Never-taker 
      0.4917       0.2774       0.2309 
[1] "-0.143939393939394 2 0.5"
[1] "How many compliers in the sample?"
firststage.designation
Always-taker     Complier  Never-taker 
      0.5039       0.2691       0.2270 
[1] "-0.143939393939394 2 1"
[1] "How many compliers in the sample?"
firststage.designation
Always-taker     Complier  Never-taker 
      0.4963       0.2517       0.2520 
[1] "-0.143939393939394 2 2"
[1] "How many compliers in the sample?"
firststage.designation
Always-taker     Complier  Never-taker 
      0.5020       0.2016       0.2964 
[1] "-0.143939393939394 2 4"
[1] "How many compliers in the sample?"
firststage.designation
Always-taker     Complier  Never-taker 
      0.5021       0.1399       0.3580 
[1] "-0.124747474747475 2 0"
[1] "How many compliers in the sample?"
firststage.designation
Always-taker     Complier  Never-taker 
      0.4928       0.2850       0.2222 
[1] "-0.124747474747475 2 0.25"
[1] "How many compliers in the sample?"
firststage.designation
Always-taker     Complier  Never-taker 
      0.5093       0.2704       0.2203 
[1] "-0.124747474747475 2 0.5"
[1] "How many compliers in the sample?"
firststage.designation
Always-taker     Complier  Never-taker 
      0.5041       0.2752       0.2207 
[1] "-0.124747474747475 2 1"
[1] "How many compliers in the sample?"
firststage.designation
Always-taker     Complier  Never-taker 
      0.5090       0.2517       0.2393 
[1] "-0.124747474747475 2 2"
[1] "How many compliers in the sample?"
firststage.designation
Always-taker     Complier  Never-taker 
      0.5005       0.2092       0.2903 
[1] "-0.124747474747475 2 4"
[1] "How many compliers in the sample?"
firststage.designation
Always-taker     Complier  Never-taker 
      0.4976       0.1475       0.3549 
[1] "-0.105555555555556 2 0"
[1] "How many compliers in the sample?"
firststage.designation
Always-taker     Complier  Never-taker 
      0.4935       0.2866       0.2199 
[1] "-0.105555555555556 2 0.25"
[1] "How many compliers in the sample?"
firststage.designation
Always-taker     Complier  Never-taker 
      0.4979       0.2849       0.2172 
[1] "-0.105555555555556 2 0.5"
[1] "How many compliers in the sample?"
firststage.designation
Always-taker     Complier  Never-taker 
      0.5087       0.2715       0.2198 
[1] "-0.105555555555556 2 1"
[1] "How many compliers in the sample?"
firststage.designation
Always-taker     Complier  Never-taker 
      0.4999       0.2598       0.2403 
[1] "-0.105555555555556 2 2"
[1] "How many compliers in the sample?"
firststage.designation
Always-taker     Complier  Never-taker 
      0.5081       0.2068       0.2851 
[1] "-0.105555555555556 2 4"
[1] "How many compliers in the sample?"
firststage.designation
Always-taker     Complier  Never-taker 
      0.4985       0.1433       0.3582 
[1] "-0.0863636363636364 2 0"
[1] "How many compliers in the sample?"
firststage.designation
Always-taker     Complier  Never-taker 
      0.4943       0.2815       0.2242 
[1] "-0.0863636363636364 2 0.25"
[1] "How many compliers in the sample?"
firststage.designation
Always-taker     Complier  Never-taker 
      0.5011       0.2677       0.2312 
[1] "-0.0863636363636364 2 0.5"
[1] "How many compliers in the sample?"
firststage.designation
Always-taker     Complier  Never-taker 
      0.5055       0.2642       0.2303 
[1] "-0.0863636363636364 2 1"
[1] "How many compliers in the sample?"
firststage.designation
Always-taker     Complier  Never-taker 
      0.5078       0.2497       0.2425 
[1] "-0.0863636363636364 2 2"
[1] "How many compliers in the sample?"
firststage.designation
Always-taker     Complier  Never-taker 
      0.5044       0.2103       0.2853 
[1] "-0.0863636363636364 2 4"
[1] "How many compliers in the sample?"
firststage.designation
Always-taker     Complier  Never-taker 
      0.5020       0.1423       0.3557 
[1] "-0.0671717171717172 2 0"
[1] "How many compliers in the sample?"
firststage.designation
Always-taker     Complier  Never-taker 
      0.4995       0.2779       0.2226 
[1] "-0.0671717171717172 2 0.25"
[1] "How many compliers in the sample?"
firststage.designation
Always-taker     Complier  Never-taker 
      0.5030       0.2736       0.2234 
[1] "-0.0671717171717172 2 0.5"
[1] "How many compliers in the sample?"
firststage.designation
Always-taker     Complier  Never-taker 
      0.4915       0.2733       0.2352 
[1] "-0.0671717171717172 2 1"
[1] "How many compliers in the sample?"
firststage.designation
Always-taker     Complier  Never-taker 
      0.4900       0.2656       0.2444 
[1] "-0.0671717171717172 2 2"
[1] "How many compliers in the sample?"
firststage.designation
Always-taker     Complier  Never-taker 
      0.4919       0.2173       0.2908 
[1] "-0.0671717171717172 2 4"
[1] "How many compliers in the sample?"
firststage.designation
Always-taker     Complier  Never-taker 
      0.5028       0.1482       0.3490 
[1] "-0.047979797979798 2 0"
[1] "How many compliers in the sample?"
firststage.designation
Always-taker     Complier  Never-taker 
      0.5108       0.2727       0.2165 
[1] "-0.047979797979798 2 0.25"
[1] "How many compliers in the sample?"
firststage.designation
Always-taker     Complier  Never-taker 
      0.5042       0.2769       0.2189 
[1] "-0.047979797979798 2 0.5"
[1] "How many compliers in the sample?"
firststage.designation
Always-taker     Complier  Never-taker 
      0.4993       0.2679       0.2328 
[1] "-0.047979797979798 2 1"
[1] "How many compliers in the sample?"
firststage.designation
Always-taker     Complier  Never-taker 
      0.5043       0.2571       0.2386 
[1] "-0.047979797979798 2 2"
[1] "How many compliers in the sample?"
firststage.designation
Always-taker     Complier  Never-taker 
      0.5084       0.2102       0.2814 
[1] "-0.047979797979798 2 4"
[1] "How many compliers in the sample?"
firststage.designation
Always-taker     Complier  Never-taker 
      0.5115       0.1438       0.3447 
[1] "-0.0287878787878788 2 0"
[1] "How many compliers in the sample?"
firststage.designation
Always-taker     Complier  Never-taker 
      0.4996       0.2821       0.2183 
[1] "-0.0287878787878788 2 0.25"
[1] "How many compliers in the sample?"
firststage.designation
Always-taker     Complier  Never-taker 
      0.4975       0.2819       0.2206 
[1] "-0.0287878787878788 2 0.5"
[1] "How many compliers in the sample?"
firststage.designation
Always-taker     Complier  Never-taker 
      0.5041       0.2709       0.2250 
[1] "-0.0287878787878788 2 1"
[1] "How many compliers in the sample?"
firststage.designation
Always-taker     Complier  Never-taker 
      0.5019       0.2533       0.2448 
[1] "-0.0287878787878788 2 2"
[1] "How many compliers in the sample?"
firststage.designation
Always-taker     Complier  Never-taker 
      0.4910       0.2189       0.2901 
[1] "-0.0287878787878788 2 4"
[1] "How many compliers in the sample?"
firststage.designation
Always-taker     Complier  Never-taker 
      0.4997       0.1466       0.3537 
[1] "-0.0095959595959596 2 0"
[1] "How many compliers in the sample?"
firststage.designation
Always-taker     Complier  Never-taker 
      0.4869       0.2838       0.2293 
[1] "-0.0095959595959596 2 0.25"
[1] "How many compliers in the sample?"
firststage.designation
Always-taker     Complier  Never-taker 
      0.4948       0.2825       0.2227 
[1] "-0.0095959595959596 2 0.5"
[1] "How many compliers in the sample?"
firststage.designation
Always-taker     Complier  Never-taker 
      0.4945       0.2742       0.2313 
[1] "-0.0095959595959596 2 1"
[1] "How many compliers in the sample?"
firststage.designation
Always-taker     Complier  Never-taker 
      0.5021       0.2561       0.2418 
[1] "-0.0095959595959596 2 2"
[1] "How many compliers in the sample?"
firststage.designation
Always-taker     Complier  Never-taker 
      0.5022       0.2222       0.2756 
[1] "-0.0095959595959596 2 4"
[1] "How many compliers in the sample?"
firststage.designation
Always-taker     Complier  Never-taker 
      0.4995       0.1479       0.3526 
[1] "0.0095959595959596 2 0"
[1] "How many compliers in the sample?"
firststage.designation
Always-taker     Complier  Never-taker 
      0.5023       0.2851       0.2126 
[1] "0.0095959595959596 2 0.25"
[1] "How many compliers in the sample?"
firststage.designation
Always-taker     Complier  Never-taker 
      0.4985       0.2896       0.2119 
[1] "0.0095959595959596 2 0.5"
[1] "How many compliers in the sample?"
firststage.designation
Always-taker     Complier  Never-taker 
      0.4995       0.2809       0.2196 
[1] "0.0095959595959596 2 1"
[1] "How many compliers in the sample?"
firststage.designation
Always-taker     Complier  Never-taker 
      0.5048       0.2628       0.2324 
[1] "0.0095959595959596 2 2"
[1] "How many compliers in the sample?"
firststage.designation
Always-taker     Complier  Never-taker 
      0.5002       0.2274       0.2724 
[1] "0.0095959595959596 2 4"
[1] "How many compliers in the sample?"
firststage.designation
Always-taker     Complier  Never-taker 
      0.4991       0.1495       0.3514 
[1] "0.0287878787878788 2 0"
[1] "How many compliers in the sample?"
firststage.designation
Always-taker     Complier  Never-taker 
      0.4955       0.2823       0.2222 
[1] "0.0287878787878788 2 0.25"
[1] "How many compliers in the sample?"
firststage.designation
Always-taker     Complier  Never-taker 
      0.5004       0.2803       0.2193 
[1] "0.0287878787878788 2 0.5"
[1] "How many compliers in the sample?"
firststage.designation
Always-taker     Complier  Never-taker 
      0.5082       0.2724       0.2194 
[1] "0.0287878787878788 2 1"
[1] "How many compliers in the sample?"
firststage.designation
Always-taker     Complier  Never-taker 
      0.4991       0.2622       0.2387 
[1] "0.0287878787878788 2 2"
[1] "How many compliers in the sample?"
firststage.designation
Always-taker     Complier  Never-taker 
      0.5042       0.2132       0.2826 
[1] "0.0287878787878788 2 4"
[1] "How many compliers in the sample?"
firststage.designation
Always-taker     Complier  Never-taker 
      0.4898       0.1537       0.3565 
[1] "0.047979797979798 2 0"
[1] "How many compliers in the sample?"
firststage.designation
Always-taker     Complier  Never-taker 
      0.4994       0.2827       0.2179 
[1] "0.047979797979798 2 0.25"
[1] "How many compliers in the sample?"
firststage.designation
Always-taker     Complier  Never-taker 
      0.5004       0.2770       0.2226 
[1] "0.047979797979798 2 0.5"
[1] "How many compliers in the sample?"
firststage.designation
Always-taker     Complier  Never-taker 
      0.4972       0.2780       0.2248 
[1] "0.047979797979798 2 1"
[1] "How many compliers in the sample?"
firststage.designation
Always-taker     Complier  Never-taker 
       0.504        0.263        0.233 
[1] "0.047979797979798 2 2"
[1] "How many compliers in the sample?"
firststage.designation
Always-taker     Complier  Never-taker 
      0.5034       0.2208       0.2758 
[1] "0.047979797979798 2 4"
[1] "How many compliers in the sample?"
firststage.designation
Always-taker     Complier  Never-taker 
      0.5003       0.1543       0.3454 
[1] "0.0671717171717172 2 0"
[1] "How many compliers in the sample?"
firststage.designation
Always-taker     Complier  Never-taker 
      0.4930       0.2792       0.2278 
[1] "0.0671717171717172 2 0.25"
[1] "How many compliers in the sample?"
firststage.designation
Always-taker     Complier  Never-taker 
      0.5001       0.2799       0.2200 
[1] "0.0671717171717172 2 0.5"
[1] "How many compliers in the sample?"
firststage.designation
Always-taker     Complier  Never-taker 
      0.5003       0.2804       0.2193 
[1] "0.0671717171717172 2 1"
[1] "How many compliers in the sample?"
firststage.designation
Always-taker     Complier  Never-taker 
      0.5056       0.2567       0.2377 
[1] "0.0671717171717172 2 2"
[1] "How many compliers in the sample?"
firststage.designation
Always-taker     Complier  Never-taker 
      0.4917       0.2318       0.2765 
[1] "0.0671717171717172 2 4"
[1] "How many compliers in the sample?"
firststage.designation
Always-taker     Complier  Never-taker 
      0.4974       0.1485       0.3541 
[1] "0.0863636363636364 2 0"
[1] "How many compliers in the sample?"
firststage.designation
Always-taker     Complier  Never-taker 
      0.5044       0.2751       0.2205 
[1] "0.0863636363636364 2 0.25"
[1] "How many compliers in the sample?"
firststage.designation
Always-taker     Complier  Never-taker 
      0.5025       0.2802       0.2173 
[1] "0.0863636363636364 2 0.5"
[1] "How many compliers in the sample?"
firststage.designation
Always-taker     Complier  Never-taker 
      0.4884       0.2834       0.2282 
[1] "0.0863636363636364 2 1"
[1] "How many compliers in the sample?"
firststage.designation
Always-taker     Complier  Never-taker 
      0.5018       0.2648       0.2334 
[1] "0.0863636363636364 2 2"
[1] "How many compliers in the sample?"
firststage.designation
Always-taker     Complier  Never-taker 
      0.4966       0.2293       0.2741 
[1] "0.0863636363636364 2 4"
[1] "How many compliers in the sample?"
firststage.designation
Always-taker     Complier  Never-taker 
      0.5008       0.1467       0.3525 
[1] "0.105555555555556 2 0"
[1] "How many compliers in the sample?"
firststage.designation
Always-taker     Complier  Never-taker 
      0.4957       0.2828       0.2215 
[1] "0.105555555555556 2 0.25"
[1] "How many compliers in the sample?"
firststage.designation
Always-taker     Complier  Never-taker 
      0.4961       0.2855       0.2184 
[1] "0.105555555555556 2 0.5"
[1] "How many compliers in the sample?"
firststage.designation
Always-taker     Complier  Never-taker 
      0.4975       0.2836       0.2189 
[1] "0.105555555555556 2 1"
[1] "How many compliers in the sample?"
firststage.designation
Always-taker     Complier  Never-taker 
      0.4937       0.2710       0.2353 
[1] "0.105555555555556 2 2"
[1] "How many compliers in the sample?"
firststage.designation
Always-taker     Complier  Never-taker 
      0.5087       0.2250       0.2663 
[1] "0.105555555555556 2 4"
[1] "How many compliers in the sample?"
firststage.designation
Always-taker     Complier  Never-taker 
      0.4966       0.1546       0.3488 
[1] "0.124747474747475 2 0"
[1] "How many compliers in the sample?"
firststage.designation
Always-taker     Complier  Never-taker 
      0.4999       0.2816       0.2185 
[1] "0.124747474747475 2 0.25"
[1] "How many compliers in the sample?"
firststage.designation
Always-taker     Complier  Never-taker 
      0.4975       0.2704       0.2321 
[1] "0.124747474747475 2 0.5"
[1] "How many compliers in the sample?"
firststage.designation
Always-taker     Complier  Never-taker 
      0.4965       0.2807       0.2228 
[1] "0.124747474747475 2 1"
[1] "How many compliers in the sample?"
firststage.designation
Always-taker     Complier  Never-taker 
      0.4932       0.2693       0.2375 
[1] "0.124747474747475 2 2"
[1] "How many compliers in the sample?"
firststage.designation
Always-taker     Complier  Never-taker 
      0.5011       0.2331       0.2658 
[1] "0.124747474747475 2 4"
[1] "How many compliers in the sample?"
firststage.designation
Always-taker     Complier  Never-taker 
      0.5027       0.1561       0.3412 
[1] "0.143939393939394 2 0"
[1] "How many compliers in the sample?"
firststage.designation
Always-taker     Complier  Never-taker 
      0.5090       0.2754       0.2156 
[1] "0.143939393939394 2 0.25"
[1] "How many compliers in the sample?"
firststage.designation
Always-taker     Complier  Never-taker 
      0.4977       0.2915       0.2108 
[1] "0.143939393939394 2 0.5"
[1] "How many compliers in the sample?"
firststage.designation
Always-taker     Complier  Never-taker 
      0.5037       0.2856       0.2107 
[1] "0.143939393939394 2 1"
[1] "How many compliers in the sample?"
firststage.designation
Always-taker     Complier  Never-taker 
      0.5079       0.2727       0.2194 
[1] "0.143939393939394 2 2"
[1] "How many compliers in the sample?"
firststage.designation
Always-taker     Complier  Never-taker 
      0.5037       0.2300       0.2663 
[1] "0.143939393939394 2 4"
[1] "How many compliers in the sample?"
firststage.designation
Always-taker     Complier  Never-taker 
      0.5021       0.1550       0.3429 
[1] "0.163131313131313 2 0"
[1] "How many compliers in the sample?"
firststage.designation
Always-taker     Complier  Never-taker 
      0.4974       0.2826       0.2200 
[1] "0.163131313131313 2 0.25"
[1] "How many compliers in the sample?"
firststage.designation
Always-taker     Complier  Never-taker 
      0.5039       0.2780       0.2181 
[1] "0.163131313131313 2 0.5"
[1] "How many compliers in the sample?"
firststage.designation
Always-taker     Complier  Never-taker 
      0.5037       0.2819       0.2144 
[1] "0.163131313131313 2 1"
[1] "How many compliers in the sample?"
firststage.designation
Always-taker     Complier  Never-taker 
      0.4941       0.2796       0.2263 
[1] "0.163131313131313 2 2"
[1] "How many compliers in the sample?"
firststage.designation
Always-taker     Complier  Never-taker 
      0.4987       0.2354       0.2659 
[1] "0.163131313131313 2 4"
[1] "How many compliers in the sample?"
firststage.designation
Always-taker     Complier  Never-taker 
      0.4947       0.1640       0.3413 
[1] "0.182323232323232 2 0"
[1] "How many compliers in the sample?"
firststage.designation
Always-taker     Complier  Never-taker 
      0.5004       0.2767       0.2229 
[1] "0.182323232323232 2 0.25"
[1] "How many compliers in the sample?"
firststage.designation
Always-taker     Complier  Never-taker 
      0.5076       0.2825       0.2099 
[1] "0.182323232323232 2 0.5"
[1] "How many compliers in the sample?"
firststage.designation
Always-taker     Complier  Never-taker 
      0.4989       0.2796       0.2215 
[1] "0.182323232323232 2 1"
[1] "How many compliers in the sample?"
firststage.designation
Always-taker     Complier  Never-taker 
      0.5032       0.2687       0.2281 
[1] "0.182323232323232 2 2"
[1] "How many compliers in the sample?"
firststage.designation
Always-taker     Complier  Never-taker 
      0.4941       0.2374       0.2685 
[1] "0.182323232323232 2 4"
[1] "How many compliers in the sample?"
firststage.designation
Always-taker     Complier  Never-taker 
      0.5005       0.1647       0.3348 
[1] "0.201515151515151 2 0"
[1] "How many compliers in the sample?"
firststage.designation
Always-taker     Complier  Never-taker 
      0.4932       0.2840       0.2228 
[1] "0.201515151515151 2 0.25"
[1] "How many compliers in the sample?"
firststage.designation
Always-taker     Complier  Never-taker 
      0.4972       0.2823       0.2205 
[1] "0.201515151515151 2 0.5"
[1] "How many compliers in the sample?"
firststage.designation
Always-taker     Complier  Never-taker 
      0.4908       0.2900       0.2192 
[1] "0.201515151515151 2 1"
[1] "How many compliers in the sample?"
firststage.designation
Always-taker     Complier  Never-taker 
       0.504        0.266        0.230 
[1] "0.201515151515151 2 2"
[1] "How many compliers in the sample?"
firststage.designation
Always-taker     Complier  Never-taker 
      0.4989       0.2405       0.2606 
[1] "0.201515151515151 2 4"
[1] "How many compliers in the sample?"
firststage.designation
Always-taker     Complier  Never-taker 
      0.4937       0.1544       0.3519 
[1] "0.220707070707071 2 0"
[1] "How many compliers in the sample?"
firststage.designation
Always-taker     Complier  Never-taker 
      0.5049       0.2771       0.2180 
[1] "0.220707070707071 2 0.25"
[1] "How many compliers in the sample?"
firststage.designation
Always-taker     Complier  Never-taker 
      0.4982       0.2853       0.2165 
[1] "0.220707070707071 2 0.5"
[1] "How many compliers in the sample?"
firststage.designation
Always-taker     Complier  Never-taker 
      0.5026       0.2745       0.2229 
[1] "0.220707070707071 2 1"
[1] "How many compliers in the sample?"
firststage.designation
Always-taker     Complier  Never-taker 
      0.5037       0.2718       0.2245 
[1] "0.220707070707071 2 2"
[1] "How many compliers in the sample?"
firststage.designation
Always-taker     Complier  Never-taker 
      0.5117       0.2370       0.2513 
[1] "0.220707070707071 2 4"
[1] "How many compliers in the sample?"
firststage.designation
Always-taker     Complier  Never-taker 
      0.4983       0.1606       0.3411 
[1] "0.23989898989899 2 0"
[1] "How many compliers in the sample?"
firststage.designation
Always-taker     Complier  Never-taker 
      0.5042       0.2810       0.2148 
[1] "0.23989898989899 2 0.25"
[1] "How many compliers in the sample?"
firststage.designation
Always-taker     Complier  Never-taker 
      0.4978       0.2875       0.2147 
[1] "0.23989898989899 2 0.5"
[1] "How many compliers in the sample?"
firststage.designation
Always-taker     Complier  Never-taker 
      0.4968       0.2819       0.2213 
[1] "0.23989898989899 2 1"
[1] "How many compliers in the sample?"
firststage.designation
Always-taker     Complier  Never-taker 
      0.4964       0.2809       0.2227 
[1] "0.23989898989899 2 2"
[1] "How many compliers in the sample?"
firststage.designation
Always-taker     Complier  Never-taker 
      0.4943       0.2500       0.2557 
[1] "0.23989898989899 2 4"
[1] "How many compliers in the sample?"
firststage.designation
Always-taker     Complier  Never-taker 
      0.4990       0.1579       0.3431 
[1] "0.259090909090909 2 0"
[1] "How many compliers in the sample?"
firststage.designation
Always-taker     Complier  Never-taker 
      0.5047       0.2756       0.2197 
[1] "0.259090909090909 2 0.25"
[1] "How many compliers in the sample?"
firststage.designation
Always-taker     Complier  Never-taker 
      0.5062       0.2777       0.2161 
[1] "0.259090909090909 2 0.5"
[1] "How many compliers in the sample?"
firststage.designation
Always-taker     Complier  Never-taker 
      0.4997       0.2844       0.2159 
[1] "0.259090909090909 2 1"
[1] "How many compliers in the sample?"
firststage.designation
Always-taker     Complier  Never-taker 
      0.4998       0.2859       0.2143 
[1] "0.259090909090909 2 2"
[1] "How many compliers in the sample?"
firststage.designation
Always-taker     Complier  Never-taker 
      0.4939       0.2512       0.2549 
[1] "0.259090909090909 2 4"
[1] "How many compliers in the sample?"
firststage.designation
Always-taker     Complier  Never-taker 
      0.4938       0.1640       0.3422 
[1] "0.278282828282828 2 0"
[1] "How many compliers in the sample?"
firststage.designation
Always-taker     Complier  Never-taker 
      0.4955       0.2808       0.2237 
[1] "0.278282828282828 2 0.25"
[1] "How many compliers in the sample?"
firststage.designation
Always-taker     Complier  Never-taker 
      0.5036       0.2849       0.2115 
[1] "0.278282828282828 2 0.5"
[1] "How many compliers in the sample?"
firststage.designation
Always-taker     Complier  Never-taker 
      0.5026       0.2839       0.2135 
[1] "0.278282828282828 2 1"
[1] "How many compliers in the sample?"
firststage.designation
Always-taker     Complier  Never-taker 
      0.4953       0.2836       0.2211 
[1] "0.278282828282828 2 2"
[1] "How many compliers in the sample?"
firststage.designation
Always-taker     Complier  Never-taker 
      0.4998       0.2529       0.2473 
[1] "0.278282828282828 2 4"
[1] "How many compliers in the sample?"
firststage.designation
Always-taker     Complier  Never-taker 
      0.4958       0.1603       0.3439 
[1] "0.297474747474747 2 0"
[1] "How many compliers in the sample?"
firststage.designation
Always-taker     Complier  Never-taker 
      0.4915       0.2876       0.2209 
[1] "0.297474747474747 2 0.25"
[1] "How many compliers in the sample?"
firststage.designation
Always-taker     Complier  Never-taker 
      0.4874       0.2963       0.2163 
[1] "0.297474747474747 2 0.5"
[1] "How many compliers in the sample?"
firststage.designation
Always-taker     Complier  Never-taker 
      0.4997       0.2860       0.2143 
[1] "0.297474747474747 2 1"
[1] "How many compliers in the sample?"
firststage.designation
Always-taker     Complier  Never-taker 
      0.5000       0.2891       0.2109 
[1] "0.297474747474747 2 2"
[1] "How many compliers in the sample?"
firststage.designation
Always-taker     Complier  Never-taker 
      0.5112       0.2448       0.2440 
[1] "0.297474747474747 2 4"
[1] "How many compliers in the sample?"
firststage.designation
Always-taker     Complier  Never-taker 
      0.5038       0.1703       0.3259 
[1] "0.316666666666667 2 0"
[1] "How many compliers in the sample?"
firststage.designation
Always-taker     Complier  Never-taker 
      0.4986       0.2802       0.2212 
[1] "0.316666666666667 2 0.25"
[1] "How many compliers in the sample?"
firststage.designation
Always-taker     Complier  Never-taker 
      0.4983       0.2959       0.2058 
[1] "0.316666666666667 2 0.5"
[1] "How many compliers in the sample?"
firststage.designation
Always-taker     Complier  Never-taker 
      0.4985       0.2923       0.2092 
[1] "0.316666666666667 2 1"
[1] "How many compliers in the sample?"
firststage.designation
Always-taker     Complier  Never-taker 
      0.4980       0.2873       0.2147 
[1] "0.316666666666667 2 2"
[1] "How many compliers in the sample?"
firststage.designation
Always-taker     Complier  Never-taker 
      0.5086       0.2502       0.2412 
[1] "0.316666666666667 2 4"
[1] "How many compliers in the sample?"
firststage.designation
Always-taker     Complier  Never-taker 
      0.4967       0.1674       0.3359 
[1] "0.335858585858586 2 0"
[1] "How many compliers in the sample?"
firststage.designation
Always-taker     Complier  Never-taker 
      0.5008       0.2771       0.2221 
[1] "0.335858585858586 2 0.25"
[1] "How many compliers in the sample?"
firststage.designation
Always-taker     Complier  Never-taker 
      0.4894       0.2964       0.2142 
[1] "0.335858585858586 2 0.5"
[1] "How many compliers in the sample?"
firststage.designation
Always-taker     Complier  Never-taker 
      0.4965       0.2974       0.2061 
[1] "0.335858585858586 2 1"
[1] "How many compliers in the sample?"
firststage.designation
Always-taker     Complier  Never-taker 
      0.5134       0.2830       0.2036 
[1] "0.335858585858586 2 2"
[1] "How many compliers in the sample?"
firststage.designation
Always-taker     Complier  Never-taker 
      0.5017       0.2581       0.2402 
[1] "0.335858585858586 2 4"
[1] "How many compliers in the sample?"
firststage.designation
Always-taker     Complier  Never-taker 
      0.5140       0.1705       0.3155 
[1] "0.355050505050505 2 0"
[1] "How many compliers in the sample?"
firststage.designation
Always-taker     Complier  Never-taker 
      0.4996       0.2825       0.2179 
[1] "0.355050505050505 2 0.25"
[1] "How many compliers in the sample?"
firststage.designation
Always-taker     Complier  Never-taker 
      0.5025       0.2871       0.2104 
[1] "0.355050505050505 2 0.5"
[1] "How many compliers in the sample?"
firststage.designation
Always-taker     Complier  Never-taker 
      0.4944       0.2951       0.2105 
[1] "0.355050505050505 2 1"
[1] "How many compliers in the sample?"
firststage.designation
Always-taker     Complier  Never-taker 
      0.4926       0.2953       0.2121 
[1] "0.355050505050505 2 2"
[1] "How many compliers in the sample?"
firststage.designation
Always-taker     Complier  Never-taker 
      0.4967       0.2600       0.2433 
[1] "0.355050505050505 2 4"
[1] "How many compliers in the sample?"
firststage.designation
Always-taker     Complier  Never-taker 
      0.5038       0.1687       0.3275 
[1] "0.374242424242424 2 0"
[1] "How many compliers in the sample?"
firststage.designation
Always-taker     Complier  Never-taker 
      0.4999       0.2803       0.2198 
[1] "0.374242424242424 2 0.25"
[1] "How many compliers in the sample?"
firststage.designation
Always-taker     Complier  Never-taker 
      0.5019       0.2915       0.2066 
[1] "0.374242424242424 2 0.5"
[1] "How many compliers in the sample?"
firststage.designation
Always-taker     Complier  Never-taker 
      0.5038       0.2855       0.2107 
[1] "0.374242424242424 2 1"
[1] "How many compliers in the sample?"
firststage.designation
Always-taker     Complier  Never-taker 
      0.4992       0.2923       0.2085 
[1] "0.374242424242424 2 2"
[1] "How many compliers in the sample?"
firststage.designation
Always-taker     Complier  Never-taker 
      0.4991       0.2621       0.2388 
[1] "0.374242424242424 2 4"
[1] "How many compliers in the sample?"
firststage.designation
Always-taker     Complier  Never-taker 
      0.5054       0.1669       0.3277 
[1] "0.393434343434343 2 0"
[1] "How many compliers in the sample?"
firststage.designation
Always-taker     Complier  Never-taker 
      0.4975       0.2839       0.2186 
[1] "0.393434343434343 2 0.25"
[1] "How many compliers in the sample?"
firststage.designation
Always-taker     Complier  Never-taker 
      0.4998       0.2967       0.2035 
[1] "0.393434343434343 2 0.5"
[1] "How many compliers in the sample?"
firststage.designation
Always-taker     Complier  Never-taker 
      0.4952       0.2955       0.2093 
[1] "0.393434343434343 2 1"
[1] "How many compliers in the sample?"
firststage.designation
Always-taker     Complier  Never-taker 
      0.5045       0.2946       0.2009 
[1] "0.393434343434343 2 2"
[1] "How many compliers in the sample?"
firststage.designation
Always-taker     Complier  Never-taker 
      0.5061       0.2575       0.2364 
[1] "0.393434343434343 2 4"
[1] "How many compliers in the sample?"
firststage.designation
Always-taker     Complier  Never-taker 
      0.4968       0.1795       0.3237 
[1] "0.412626262626263 2 0"
[1] "How many compliers in the sample?"
firststage.designation
Always-taker     Complier  Never-taker 
      0.4945       0.2909       0.2146 
[1] "0.412626262626263 2 0.25"
[1] "How many compliers in the sample?"
firststage.designation
Always-taker     Complier  Never-taker 
      0.5020       0.2888       0.2092 
[1] "0.412626262626263 2 0.5"
[1] "How many compliers in the sample?"
firststage.designation
Always-taker     Complier  Never-taker 
      0.5065       0.2949       0.1986 
[1] "0.412626262626263 2 1"
[1] "How many compliers in the sample?"
firststage.designation
Always-taker     Complier  Never-taker 
      0.5111       0.2938       0.1951 
[1] "0.412626262626263 2 2"
[1] "How many compliers in the sample?"
firststage.designation
Always-taker     Complier  Never-taker 
      0.5038       0.2609       0.2353 
[1] "0.412626262626263 2 4"
[1] "How many compliers in the sample?"
firststage.designation
Always-taker     Complier  Never-taker 
      0.4975       0.1799       0.3226 
[1] "0.431818181818182 2 0"
[1] "How many compliers in the sample?"
firststage.designation
Always-taker     Complier  Never-taker 
      0.5002       0.2753       0.2245 
[1] "0.431818181818182 2 0.25"
[1] "How many compliers in the sample?"
firststage.designation
Always-taker     Complier  Never-taker 
      0.5038       0.2856       0.2106 
[1] "0.431818181818182 2 0.5"
[1] "How many compliers in the sample?"
firststage.designation
Always-taker     Complier  Never-taker 
      0.5011       0.2927       0.2062 
[1] "0.431818181818182 2 1"
[1] "How many compliers in the sample?"
firststage.designation
Always-taker     Complier  Never-taker 
      0.4946       0.2966       0.2088 
[1] "0.431818181818182 2 2"
[1] "How many compliers in the sample?"
firststage.designation
Always-taker     Complier  Never-taker 
      0.4973       0.2690       0.2337 
[1] "0.431818181818182 2 4"
[1] "How many compliers in the sample?"
firststage.designation
Always-taker     Complier  Never-taker 
      0.5062       0.1790       0.3148 
[1] "0.451010101010101 2 0"
[1] "How many compliers in the sample?"
firststage.designation
Always-taker     Complier  Never-taker 
      0.5039       0.2805       0.2156 
[1] "0.451010101010101 2 0.25"
[1] "How many compliers in the sample?"
firststage.designation
Always-taker     Complier  Never-taker 
      0.5019       0.2866       0.2115 
[1] "0.451010101010101 2 0.5"
[1] "How many compliers in the sample?"
firststage.designation
Always-taker     Complier  Never-taker 
      0.5033       0.2910       0.2057 
[1] "0.451010101010101 2 1"
[1] "How many compliers in the sample?"
firststage.designation
Always-taker     Complier  Never-taker 
      0.4975       0.2977       0.2048 
[1] "0.451010101010101 2 2"
[1] "How many compliers in the sample?"
firststage.designation
Always-taker     Complier  Never-taker 
      0.4929       0.2684       0.2387 
[1] "0.451010101010101 2 4"
[1] "How many compliers in the sample?"
firststage.designation
Always-taker     Complier  Never-taker 
      0.5115       0.1792       0.3093 
[1] "0.47020202020202 2 0"
[1] "How many compliers in the sample?"
firststage.designation
Always-taker     Complier  Never-taker 
      0.4964       0.2860       0.2176 
[1] "0.47020202020202 2 0.25"
[1] "How many compliers in the sample?"
firststage.designation
Always-taker     Complier  Never-taker 
      0.4927       0.3012       0.2061 
[1] "0.47020202020202 2 0.5"
[1] "How many compliers in the sample?"
firststage.designation
Always-taker     Complier  Never-taker 
      0.5054       0.2958       0.1988 
[1] "0.47020202020202 2 1"
[1] "How many compliers in the sample?"
firststage.designation
Always-taker     Complier  Never-taker 
      0.5019       0.3039       0.1942 
[1] "0.47020202020202 2 2"
[1] "How many compliers in the sample?"
firststage.designation
Always-taker     Complier  Never-taker 
      0.5032       0.2690       0.2278 
[1] "0.47020202020202 2 4"
[1] "How many compliers in the sample?"
firststage.designation
Always-taker     Complier  Never-taker 
      0.5077       0.1747       0.3176 
[1] "0.489393939393939 2 0"
[1] "How many compliers in the sample?"
firststage.designation
Always-taker     Complier  Never-taker 
      0.4977       0.2848       0.2175 
[1] "0.489393939393939 2 0.25"
[1] "How many compliers in the sample?"
firststage.designation
Always-taker     Complier  Never-taker 
      0.4964       0.2894       0.2142 
[1] "0.489393939393939 2 0.5"
[1] "How many compliers in the sample?"
firststage.designation
Always-taker     Complier  Never-taker 
      0.5089       0.2905       0.2006 
[1] "0.489393939393939 2 1"
[1] "How many compliers in the sample?"
firststage.designation
Always-taker     Complier  Never-taker 
      0.4971       0.3055       0.1974 
[1] "0.489393939393939 2 2"
[1] "How many compliers in the sample?"
firststage.designation
Always-taker     Complier  Never-taker 
      0.4988       0.2806       0.2206 
[1] "0.489393939393939 2 4"
[1] "How many compliers in the sample?"
firststage.designation
Always-taker     Complier  Never-taker 
      0.4989       0.1892       0.3119 
[1] "0.508585858585858 2 0"
[1] "How many compliers in the sample?"
firststage.designation
Always-taker     Complier  Never-taker 
      0.4973       0.2778       0.2249 
[1] "0.508585858585858 2 0.25"
[1] "How many compliers in the sample?"
firststage.designation
Always-taker     Complier  Never-taker 
      0.5024       0.2914       0.2062 
[1] "0.508585858585858 2 0.5"
[1] "How many compliers in the sample?"
firststage.designation
Always-taker     Complier  Never-taker 
      0.4928       0.3035       0.2037 
[1] "0.508585858585858 2 1"
[1] "How many compliers in the sample?"
firststage.designation
Always-taker     Complier  Never-taker 
      0.5094       0.2954       0.1952 
[1] "0.508585858585858 2 2"
[1] "How many compliers in the sample?"
firststage.designation
Always-taker     Complier  Never-taker 
      0.5017       0.2846       0.2137 
[1] "0.508585858585858 2 4"
[1] "How many compliers in the sample?"
firststage.designation
Always-taker     Complier  Never-taker 
      0.5058       0.1868       0.3074 
[1] "0.527777777777778 2 0"
[1] "How many compliers in the sample?"
firststage.designation
Always-taker     Complier  Never-taker 
      0.4979       0.2782       0.2239 
[1] "0.527777777777778 2 0.25"
[1] "How many compliers in the sample?"
firststage.designation
Always-taker     Complier  Never-taker 
      0.5045       0.2928       0.2027 
[1] "0.527777777777778 2 0.5"
[1] "How many compliers in the sample?"
firststage.designation
Always-taker     Complier  Never-taker 
      0.4994       0.3073       0.1933 
[1] "0.527777777777778 2 1"
[1] "How many compliers in the sample?"
firststage.designation
Always-taker     Complier  Never-taker 
      0.5004       0.3047       0.1949 
[1] "0.527777777777778 2 2"
[1] "How many compliers in the sample?"
firststage.designation
Always-taker     Complier  Never-taker 
      0.4924       0.2926       0.2150 
[1] "0.527777777777778 2 4"
[1] "How many compliers in the sample?"
firststage.designation
Always-taker     Complier  Never-taker 
      0.4983       0.1893       0.3124 
[1] "0.546969696969697 2 0"
[1] "How many compliers in the sample?"
firststage.designation
Always-taker     Complier  Never-taker 
      0.5015       0.2799       0.2186 
[1] "0.546969696969697 2 0.25"
[1] "How many compliers in the sample?"
firststage.designation
Always-taker     Complier  Never-taker 
      0.4938       0.3012       0.2050 
[1] "0.546969696969697 2 0.5"
[1] "How many compliers in the sample?"
firststage.designation
Always-taker     Complier  Never-taker 
      0.5008       0.3004       0.1988 
[1] "0.546969696969697 2 1"
[1] "How many compliers in the sample?"
firststage.designation
Always-taker     Complier  Never-taker 
      0.5036       0.3061       0.1903 
[1] "0.546969696969697 2 2"
[1] "How many compliers in the sample?"
firststage.designation
Always-taker     Complier  Never-taker 
      0.4929       0.2987       0.2084 
[1] "0.546969696969697 2 4"
[1] "How many compliers in the sample?"
firststage.designation
Always-taker     Complier  Never-taker 
      0.4969       0.1890       0.3141 
[1] "0.566161616161616 2 0"
[1] "How many compliers in the sample?"
firststage.designation
Always-taker     Complier  Never-taker 
      0.4980       0.2861       0.2159 
[1] "0.566161616161616 2 0.25"
[1] "How many compliers in the sample?"
firststage.designation
Always-taker     Complier  Never-taker 
      0.5054       0.2835       0.2111 
[1] "0.566161616161616 2 0.5"
[1] "How many compliers in the sample?"
firststage.designation
Always-taker     Complier  Never-taker 
      0.5036       0.2971       0.1993 
[1] "0.566161616161616 2 1"
[1] "How many compliers in the sample?"
firststage.designation
Always-taker     Complier  Never-taker 
      0.4963       0.3199       0.1838 
[1] "0.566161616161616 2 2"
[1] "How many compliers in the sample?"
firststage.designation
Always-taker     Complier  Never-taker 
      0.4956       0.2947       0.2097 
[1] "0.566161616161616 2 4"
[1] "How many compliers in the sample?"
firststage.designation
Always-taker     Complier  Never-taker 
      0.4964       0.1939       0.3097 
[1] "0.585353535353535 2 0"
[1] "How many compliers in the sample?"
firststage.designation
Always-taker     Complier  Never-taker 
      0.4947       0.2791       0.2262 
[1] "0.585353535353535 2 0.25"
[1] "How many compliers in the sample?"
firststage.designation
Always-taker     Complier  Never-taker 
      0.4979       0.2951       0.2070 
[1] "0.585353535353535 2 0.5"
[1] "How many compliers in the sample?"
firststage.designation
Always-taker     Complier  Never-taker 
      0.5051       0.3001       0.1948 
[1] "0.585353535353535 2 1"
[1] "How many compliers in the sample?"
firststage.designation
Always-taker     Complier  Never-taker 
      0.5034       0.3112       0.1854 
[1] "0.585353535353535 2 2"
[1] "How many compliers in the sample?"
firststage.designation
Always-taker     Complier  Never-taker 
      0.4934       0.3122       0.1944 
[1] "0.585353535353535 2 4"
[1] "How many compliers in the sample?"
firststage.designation
Always-taker     Complier  Never-taker 
      0.4948       0.1958       0.3094 
[1] "0.604545454545454 2 0"
[1] "How many compliers in the sample?"
firststage.designation
Always-taker     Complier  Never-taker 
      0.4984       0.2785       0.2231 
[1] "0.604545454545454 2 0.25"
[1] "How many compliers in the sample?"
firststage.designation
Always-taker     Complier  Never-taker 
      0.4942       0.3028       0.2030 
[1] "0.604545454545454 2 0.5"
[1] "How many compliers in the sample?"
firststage.designation
Always-taker     Complier  Never-taker 
      0.5045       0.2949       0.2006 
[1] "0.604545454545454 2 1"
[1] "How many compliers in the sample?"
firststage.designation
Always-taker     Complier  Never-taker 
      0.4942       0.3178       0.1880 
[1] "0.604545454545454 2 2"
[1] "How many compliers in the sample?"
firststage.designation
Always-taker     Complier  Never-taker 
      0.5081       0.2921       0.1998 
[1] "0.604545454545454 2 4"
[1] "How many compliers in the sample?"
firststage.designation
Always-taker     Complier  Never-taker 
      0.4989       0.1986       0.3025 
[1] "0.623737373737374 2 0"
[1] "How many compliers in the sample?"
firststage.designation
Always-taker     Complier  Never-taker 
      0.4971       0.2766       0.2263 
[1] "0.623737373737374 2 0.25"
[1] "How many compliers in the sample?"
firststage.designation
Always-taker     Complier  Never-taker 
      0.5004       0.2972       0.2024 
[1] "0.623737373737374 2 0.5"
[1] "How many compliers in the sample?"
firststage.designation
Always-taker     Complier  Never-taker 
      0.4932       0.3075       0.1993 
[1] "0.623737373737374 2 1"
[1] "How many compliers in the sample?"
firststage.designation
Always-taker     Complier  Never-taker 
      0.5084       0.3168       0.1748 
[1] "0.623737373737374 2 2"
[1] "How many compliers in the sample?"
firststage.designation
Always-taker     Complier  Never-taker 
      0.4986       0.3027       0.1987 
[1] "0.623737373737374 2 4"
[1] "How many compliers in the sample?"
firststage.designation
Always-taker     Complier  Never-taker 
      0.4970       0.1989       0.3041 
[1] "0.642929292929293 2 0"
[1] "How many compliers in the sample?"
firststage.designation
Always-taker     Complier  Never-taker 
      0.4991       0.2816       0.2193 
[1] "0.642929292929293 2 0.25"
[1] "How many compliers in the sample?"
firststage.designation
Always-taker     Complier  Never-taker 
      0.4969       0.3045       0.1986 
[1] "0.642929292929293 2 0.5"
[1] "How many compliers in the sample?"
firststage.designation
Always-taker     Complier  Never-taker 
      0.5070       0.3087       0.1843 
[1] "0.642929292929293 2 1"
[1] "How many compliers in the sample?"
firststage.designation
Always-taker     Complier  Never-taker 
      0.5092       0.3182       0.1726 
[1] "0.642929292929293 2 2"
[1] "How many compliers in the sample?"
firststage.designation
Always-taker     Complier  Never-taker 
      0.5001       0.3104       0.1895 
[1] "0.642929292929293 2 4"
[1] "How many compliers in the sample?"
firststage.designation
Always-taker     Complier  Never-taker 
      0.4936       0.2050       0.3014 
[1] "0.662121212121212 2 0"
[1] "How many compliers in the sample?"
firststage.designation
Always-taker     Complier  Never-taker 
      0.5001       0.2802       0.2197 
[1] "0.662121212121212 2 0.25"
[1] "How many compliers in the sample?"
firststage.designation
Always-taker     Complier  Never-taker 
      0.4914       0.2941       0.2145 
[1] "0.662121212121212 2 0.5"
[1] "How many compliers in the sample?"
firststage.designation
Always-taker     Complier  Never-taker 
      0.4994       0.3115       0.1891 
[1] "0.662121212121212 2 1"
[1] "How many compliers in the sample?"
firststage.designation
Always-taker     Complier  Never-taker 
      0.4962       0.3259       0.1779 
[1] "0.662121212121212 2 2"
[1] "How many compliers in the sample?"
firststage.designation
Always-taker     Complier  Never-taker 
      0.4953       0.3160       0.1887 
[1] "0.662121212121212 2 4"
[1] "How many compliers in the sample?"
firststage.designation
Always-taker     Complier  Never-taker 
      0.4985       0.2030       0.2985 
[1] "0.681313131313131 2 0"
[1] "How many compliers in the sample?"
firststage.designation
Always-taker     Complier  Never-taker 
      0.4935       0.2810       0.2255 
[1] "0.681313131313131 2 0.25"
[1] "How many compliers in the sample?"
firststage.designation
Always-taker     Complier  Never-taker 
      0.5018       0.2958       0.2024 
[1] "0.681313131313131 2 0.5"
[1] "How many compliers in the sample?"
firststage.designation
Always-taker     Complier  Never-taker 
      0.4933       0.3179       0.1888 
[1] "0.681313131313131 2 1"
[1] "How many compliers in the sample?"
firststage.designation
Always-taker     Complier  Never-taker 
      0.4954       0.3327       0.1719 
[1] "0.681313131313131 2 2"
[1] "How many compliers in the sample?"
firststage.designation
Always-taker     Complier  Never-taker 
      0.4958       0.3262       0.1780 
[1] "0.681313131313131 2 4"
[1] "How many compliers in the sample?"
firststage.designation
Always-taker     Complier  Never-taker 
      0.5051       0.2014       0.2935 
[1] "0.700505050505051 2 0"
[1] "How many compliers in the sample?"
firststage.designation
Always-taker     Complier  Never-taker 
      0.5008       0.2846       0.2146 
[1] "0.700505050505051 2 0.25"
[1] "How many compliers in the sample?"
firststage.designation
Always-taker     Complier  Never-taker 
      0.4948       0.2983       0.2069 
[1] "0.700505050505051 2 0.5"
[1] "How many compliers in the sample?"
firststage.designation
Always-taker     Complier  Never-taker 
      0.5028       0.3053       0.1919 
[1] "0.700505050505051 2 1"
[1] "How many compliers in the sample?"
firststage.designation
Always-taker     Complier  Never-taker 
      0.5058       0.3314       0.1628 
[1] "0.700505050505051 2 2"
[1] "How many compliers in the sample?"
firststage.designation
Always-taker     Complier  Never-taker 
      0.5055       0.3216       0.1729 
[1] "0.700505050505051 2 4"
[1] "How many compliers in the sample?"
firststage.designation
Always-taker     Complier  Never-taker 
      0.4962       0.2120       0.2918 
[1] "0.71969696969697 2 0"
[1] "How many compliers in the sample?"
firststage.designation
Always-taker     Complier  Never-taker 
      0.4997       0.2837       0.2166 
[1] "0.71969696969697 2 0.25"
[1] "How many compliers in the sample?"
firststage.designation
Always-taker     Complier  Never-taker 
      0.5107       0.2945       0.1948 
[1] "0.71969696969697 2 0.5"
[1] "How many compliers in the sample?"
firststage.designation
Always-taker     Complier  Never-taker 
      0.4957       0.3139       0.1904 
[1] "0.71969696969697 2 1"
[1] "How many compliers in the sample?"
firststage.designation
Always-taker     Complier  Never-taker 
      0.5038       0.3320       0.1642 
[1] "0.71969696969697 2 2"
[1] "How many compliers in the sample?"
firststage.designation
Always-taker     Complier  Never-taker 
      0.5038       0.3323       0.1639 
[1] "0.71969696969697 2 4"
[1] "How many compliers in the sample?"
firststage.designation
Always-taker     Complier  Never-taker 
      0.5040       0.2114       0.2846 
[1] "0.738888888888889 2 0"
[1] "How many compliers in the sample?"
firststage.designation
Always-taker     Complier  Never-taker 
      0.5009       0.2794       0.2197 
[1] "0.738888888888889 2 0.25"
[1] "How many compliers in the sample?"
firststage.designation
Always-taker     Complier  Never-taker 
      0.4977       0.3010       0.2013 
[1] "0.738888888888889 2 0.5"
[1] "How many compliers in the sample?"
firststage.designation
Always-taker     Complier  Never-taker 
      0.5003       0.3072       0.1925 
[1] "0.738888888888889 2 1"
[1] "How many compliers in the sample?"
firststage.designation
Always-taker     Complier  Never-taker 
      0.4959       0.3469       0.1572 
[1] "0.738888888888889 2 2"
[1] "How many compliers in the sample?"
firststage.designation
Always-taker     Complier  Never-taker 
      0.4999       0.3346       0.1655 
[1] "0.738888888888889 2 4"
[1] "How many compliers in the sample?"
firststage.designation
Always-taker     Complier  Never-taker 
      0.4898       0.2204       0.2898 
[1] "0.758080808080808 2 0"
[1] "How many compliers in the sample?"
firststage.designation
Always-taker     Complier  Never-taker 
      0.4980       0.2823       0.2197 
[1] "0.758080808080808 2 0.25"
[1] "How many compliers in the sample?"
firststage.designation
Always-taker     Complier  Never-taker 
      0.4988       0.3019       0.1993 
[1] "0.758080808080808 2 0.5"
[1] "How many compliers in the sample?"
firststage.designation
Always-taker     Complier  Never-taker 
      0.4987       0.3090       0.1923 
[1] "0.758080808080808 2 1"
[1] "How many compliers in the sample?"
firststage.designation
Always-taker     Complier  Never-taker 
      0.5005       0.3465       0.1530 
[1] "0.758080808080808 2 2"
[1] "How many compliers in the sample?"
firststage.designation
Always-taker     Complier  Never-taker 
      0.4966       0.3510       0.1524 
[1] "0.758080808080808 2 4"
[1] "How many compliers in the sample?"
firststage.designation
Always-taker     Complier  Never-taker 
      0.5011       0.2201       0.2788 
[1] "0.777272727272727 2 0"
[1] "How many compliers in the sample?"
firststage.designation
Always-taker     Complier  Never-taker 
      0.5017       0.2761       0.2222 
[1] "0.777272727272727 2 0.25"
[1] "How many compliers in the sample?"
firststage.designation
Always-taker     Complier  Never-taker 
      0.4915       0.3019       0.2066 
[1] "0.777272727272727 2 0.5"
[1] "How many compliers in the sample?"
firststage.designation
Always-taker     Complier  Never-taker 
      0.4970       0.3147       0.1883 
[1] "0.777272727272727 2 1"
[1] "How many compliers in the sample?"
firststage.designation
Always-taker     Complier  Never-taker 
      0.5031       0.3418       0.1551 
[1] "0.777272727272727 2 2"
[1] "How many compliers in the sample?"
firststage.designation
Always-taker     Complier  Never-taker 
      0.5073       0.3457       0.1470 
[1] "0.777272727272727 2 4"
[1] "How many compliers in the sample?"
firststage.designation
Always-taker     Complier  Never-taker 
      0.5013       0.2229       0.2758 
[1] "0.796464646464646 2 0"
[1] "How many compliers in the sample?"
firststage.designation
Always-taker     Complier  Never-taker 
      0.4944       0.2830       0.2226 
[1] "0.796464646464646 2 0.25"
[1] "How many compliers in the sample?"
firststage.designation
Always-taker     Complier  Never-taker 
      0.4987       0.2993       0.2020 
[1] "0.796464646464646 2 0.5"
[1] "How many compliers in the sample?"
firststage.designation
Always-taker     Complier  Never-taker 
      0.5008       0.3185       0.1807 
[1] "0.796464646464646 2 1"
[1] "How many compliers in the sample?"
firststage.designation
Always-taker     Complier  Never-taker 
      0.5067       0.3467       0.1466 
[1] "0.796464646464646 2 2"
[1] "How many compliers in the sample?"
firststage.designation
Always-taker     Complier  Never-taker 
      0.5037       0.3585       0.1378 
[1] "0.796464646464646 2 4"
[1] "How many compliers in the sample?"
firststage.designation
Always-taker     Complier  Never-taker 
      0.4926       0.2258       0.2816 
[1] "0.815656565656566 2 0"
[1] "How many compliers in the sample?"
firststage.designation
Always-taker     Complier  Never-taker 
      0.4955       0.2792       0.2253 
[1] "0.815656565656566 2 0.25"
[1] "How many compliers in the sample?"
firststage.designation
Always-taker     Complier  Never-taker 
      0.5127       0.2878       0.1995 
[1] "0.815656565656566 2 0.5"
[1] "How many compliers in the sample?"
firststage.designation
Always-taker     Complier  Never-taker 
      0.5016       0.3110       0.1874 
[1] "0.815656565656566 2 1"
[1] "How many compliers in the sample?"
firststage.designation
Always-taker     Complier  Never-taker 
      0.5001       0.3533       0.1466 
[1] "0.815656565656566 2 2"
[1] "How many compliers in the sample?"
firststage.designation
Always-taker     Complier  Never-taker 
      0.4995       0.3654       0.1351 
[1] "0.815656565656566 2 4"
[1] "How many compliers in the sample?"
firststage.designation
Always-taker     Complier  Never-taker 
      0.4962       0.2336       0.2702 
[1] "0.834848484848485 2 0"
[1] "How many compliers in the sample?"
firststage.designation
Always-taker     Complier  Never-taker 
      0.4970       0.2826       0.2204 
[1] "0.834848484848485 2 0.25"
[1] "How many compliers in the sample?"
firststage.designation
Always-taker     Complier  Never-taker 
      0.5123       0.2946       0.1931 
[1] "0.834848484848485 2 0.5"
[1] "How many compliers in the sample?"
firststage.designation
Always-taker     Complier  Never-taker 
      0.4996       0.3183       0.1821 
[1] "0.834848484848485 2 1"
[1] "How many compliers in the sample?"
firststage.designation
Always-taker     Complier  Never-taker 
      0.4948       0.3553       0.1499 
[1] "0.834848484848485 2 2"
[1] "How many compliers in the sample?"
firststage.designation
Always-taker     Complier  Never-taker 
      0.5026       0.3688       0.1286 
[1] "0.834848484848485 2 4"
[1] "How many compliers in the sample?"
firststage.designation
Always-taker     Complier  Never-taker 
      0.4996       0.2351       0.2653 
[1] "0.854040404040404 2 0"
[1] "How many compliers in the sample?"
firststage.designation
Always-taker     Complier  Never-taker 
      0.4969       0.2849       0.2182 
[1] "0.854040404040404 2 0.25"
[1] "How many compliers in the sample?"
firststage.designation
Always-taker     Complier  Never-taker 
      0.5001       0.3029       0.1970 
[1] "0.854040404040404 2 0.5"
[1] "How many compliers in the sample?"
firststage.designation
Always-taker     Complier  Never-taker 
      0.4991       0.3251       0.1758 
[1] "0.854040404040404 2 1"
[1] "How many compliers in the sample?"
firststage.designation
Always-taker     Complier  Never-taker 
      0.5047       0.3523       0.1430 
[1] "0.854040404040404 2 2"
[1] "How many compliers in the sample?"
firststage.designation
Always-taker     Complier  Never-taker 
      0.5030       0.3779       0.1191 
[1] "0.854040404040404 2 4"
[1] "How many compliers in the sample?"
firststage.designation
Always-taker     Complier  Never-taker 
      0.5032       0.2389       0.2579 
[1] "0.873232323232323 2 0"
[1] "How many compliers in the sample?"
firststage.designation
Always-taker     Complier  Never-taker 
      0.4951       0.2777       0.2272 
[1] "0.873232323232323 2 0.25"
[1] "How many compliers in the sample?"
firststage.designation
Always-taker     Complier  Never-taker 
      0.4943       0.3054       0.2003 
[1] "0.873232323232323 2 0.5"
[1] "How many compliers in the sample?"
firststage.designation
Always-taker     Complier  Never-taker 
      0.4986       0.3208       0.1806 
[1] "0.873232323232323 2 1"
[1] "How many compliers in the sample?"
firststage.designation
Always-taker     Complier  Never-taker 
      0.5039       0.3561       0.1400 
[1] "0.873232323232323 2 2"
[1] "How many compliers in the sample?"
firststage.designation
Always-taker     Complier  Never-taker 
      0.4969       0.3869       0.1162 
[1] "0.873232323232323 2 4"
[1] "How many compliers in the sample?"
firststage.designation
Always-taker     Complier  Never-taker 
      0.4969       0.2478       0.2553 
[1] "0.892424242424242 2 0"
[1] "How many compliers in the sample?"
firststage.designation
Always-taker     Complier  Never-taker 
      0.5081       0.2718       0.2201 
[1] "0.892424242424242 2 0.25"
[1] "How many compliers in the sample?"
firststage.designation
Always-taker     Complier  Never-taker 
      0.5010       0.3002       0.1988 
[1] "0.892424242424242 2 0.5"
[1] "How many compliers in the sample?"
firststage.designation
Always-taker     Complier  Never-taker 
      0.4951       0.3254       0.1795 
[1] "0.892424242424242 2 1"
[1] "How many compliers in the sample?"
firststage.designation
Always-taker     Complier  Never-taker 
      0.4987       0.3686       0.1327 
[1] "0.892424242424242 2 2"
[1] "How many compliers in the sample?"
firststage.designation
Always-taker     Complier  Never-taker 
      0.5027       0.3903       0.1070 
[1] "0.892424242424242 2 4"
[1] "How many compliers in the sample?"
firststage.designation
Always-taker     Complier  Never-taker 
      0.5063       0.2488       0.2449 
[1] "0.911616161616162 2 0"
[1] "How many compliers in the sample?"
firststage.designation
Always-taker     Complier  Never-taker 
      0.4945       0.2831       0.2224 
[1] "0.911616161616162 2 0.25"
[1] "How many compliers in the sample?"
firststage.designation
Always-taker     Complier  Never-taker 
      0.4974       0.3054       0.1972 
[1] "0.911616161616162 2 0.5"
[1] "How many compliers in the sample?"
firststage.designation
Always-taker     Complier  Never-taker 
      0.4953       0.3353       0.1694 
[1] "0.911616161616162 2 1"
[1] "How many compliers in the sample?"
firststage.designation
Always-taker     Complier  Never-taker 
      0.4922       0.3727       0.1351 
[1] "0.911616161616162 2 2"
[1] "How many compliers in the sample?"
firststage.designation
Always-taker     Complier  Never-taker 
      0.4946       0.4051       0.1003 
[1] "0.911616161616162 2 4"
[1] "How many compliers in the sample?"
firststage.designation
Always-taker     Complier  Never-taker 
      0.4988       0.2511       0.2501 
[1] "0.930808080808081 2 0"
[1] "How many compliers in the sample?"
firststage.designation
Always-taker     Complier  Never-taker 
      0.5007       0.2789       0.2204 
[1] "0.930808080808081 2 0.25"
[1] "How many compliers in the sample?"
firststage.designation
Always-taker     Complier  Never-taker 
      0.5121       0.2956       0.1923 
[1] "0.930808080808081 2 0.5"
[1] "How many compliers in the sample?"
firststage.designation
Always-taker     Complier  Never-taker 
      0.4995       0.3220       0.1785 
[1] "0.930808080808081 2 1"
[1] "How many compliers in the sample?"
firststage.designation
Always-taker     Complier  Never-taker 
      0.5018       0.3703       0.1279 
[1] "0.930808080808081 2 2"
[1] "How many compliers in the sample?"
firststage.designation
Always-taker     Complier  Never-taker 
      0.4962       0.4135       0.0903 
[1] "0.930808080808081 2 4"
[1] "How many compliers in the sample?"
firststage.designation
Always-taker     Complier  Never-taker 
      0.4995       0.2638       0.2367 
[1] "0.95 2 0"
[1] "How many compliers in the sample?"
firststage.designation
Always-taker     Complier  Never-taker 
      0.5001       0.2765       0.2234 
[1] "0.95 2 0.25"
[1] "How many compliers in the sample?"
firststage.designation
Always-taker     Complier  Never-taker 
      0.5015       0.3007       0.1978 
[1] "0.95 2 0.5"
[1] "How many compliers in the sample?"
firststage.designation
Always-taker     Complier  Never-taker 
      0.4960       0.3289       0.1751 
[1] "0.95 2 1"
[1] "How many compliers in the sample?"
firststage.designation
Always-taker     Complier  Never-taker 
      0.4976       0.3730       0.1294 
[1] "0.95 2 2"
[1] "How many compliers in the sample?"
firststage.designation
Always-taker     Complier  Never-taker 
      0.4917       0.4331       0.0752 
[1] "0.95 2 4"
[1] "How many compliers in the sample?"
firststage.designation
Always-taker     Complier  Never-taker 
      0.5033       0.2644       0.2323 
> 
> 
> # Put everything together into data/
> parameterised.data <- data.frame(
+     rho                     = rho_value.list,
+     sigma_0                 = sigma_0_value.list,
+     sigma_1                 = sigma_1_value.list,
+     average_total_effect    = average_total_effect.list,
+     est_total_effect        = est_total_effect.list,
+     average_indirect_effect = average_indirect_effect.list,
+     est_indirect_effect     = est_indirect_effect.list,
+     average_direct_effect   = average_direct_effect.list,
+     est_direct_effect       = est_direct_effect.list,
+     var_D                   = var_D.list,
+     var_prob_D_X            = var_prob_D_X.list,
+     var_D1_D0               = var_D1_D0.list,
+     var_cate_D_x            = var_cate_D_x.list)
> 
> 
> ################################################################################
> ## Plot the bias in the estimates, using linear CM methods (Imai+ 2010).
> 
> # Plot the bias in reduced form effect est vs rho, with different sigma values.
> reducedform_bias.plot <- parameterised.data %>%
+     ggplot(aes(x = rho,
+         y = ((est_total_effect - average_total_effect
+             ) / average_total_effect),
+         colour = factor(sigma_1 / sigma_0))) +
+     geom_jitter(alpha = 2 / 3) +
+     geom_smooth(aes(group = sigma_1 / sigma_0),
+         se = FALSE, method = "loess", formula = y ~ x) +
+     theme_bw() +
+     scale_x_continuous(
+         name = TeX("$\\rho$"),
+         expand = c(0, 0),
+         breaks = seq(-1, 1, by = 0.2),
+         limits = c(-1, 1)) +
+     scale_y_continuous(name = "",
+         #breaks = seq(0, 0.1, by = 0.02),
+         #limits = c(0, 0.1),
+         expand = c(0, 0)) +
+     ggtitle(TeX(paste0(
+         "Percent Bias, given $sigma_{0} = ",
+             sigma_0.value, "$"))) +
+     guides(colour = guide_legend(
+         TeX("$\\sigma_1 / \\sigma_0$"), nrow = 1)) +
+     theme(plot.title = element_text(hjust = 0, size = rel(1)),
+         plot.title.position = "plot",
+         plot.margin = unit(c(0.5, 3, 0.25, 0), "mm"),
+         legend.position = "bottom")
> # Save this plot
> ggsave(file.path(output.folder, "reducedform-bias.png"),
+     plot = reducedform_bias.plot, dpi = 300,
+     units = "cm", width = fig.width, height = fig.height)
> 
> 
> # Plot the bias in direct effect est vs rho, with different sigma values
> directeffect_bias.plot <- parameterised.data %>%
+     ggplot(aes(x = rho,
+         y = ((est_direct_effect - average_direct_effect
+             ) / average_direct_effect),
+         colour = factor(sigma_1 / sigma_0))) +
+     geom_jitter(alpha = 2 / 3) +
+     geom_smooth(aes(group = sigma_1 / sigma_0),
+         se = FALSE, method = "loess", formula = y ~ x) +
+     theme_bw() +
+     scale_x_continuous(
+         name = TeX("$\\rho$"),
+         expand = c(0, 0),
+         breaks = seq(-1, 1, by = 0.2),
+         limits = c(-1, 1)) +
+     scale_y_continuous(name = "",
+         #breaks = seq(-1, 1, by = 0.1),
+         #limits = c(-1, 1),
+         expand = c(0, 0)) +
+     ggtitle(TeX(paste0(
+         "Percent Bias, given $sigma_0 = ",
+             sigma_0.value, "$"))) +
+     guides(colour = guide_legend(
+         TeX("$\\sigma_1 / \\sigma_0$"), nrow = 1)) +
+     theme(plot.title = element_text(hjust = 0, size = rel(1)),
+         plot.title.position = "plot",
+         plot.margin = unit(c(0.5, 3, 0.25, 0.25), "mm"),
+         legend.position = "bottom")
> # Save this plot
> ggsave(file.path(output.folder, "directeffect-bias.png"),
+     plot = directeffect_bias.plot, dpi = 300,
+     units = "cm", width = fig.width, height = fig.height)
> 
> 
> # Plot the bias in indirect effect est vs rho, with different sigma values
> indirecteffect_bias.plot <- parameterised.data %>%
+     ggplot(aes(x = rho,
+         y = ((est_indirect_effect - average_indirect_effect
+             ) / average_indirect_effect),
+         colour = factor(sigma_1 / sigma_0))) +
+     geom_jitter(alpha = 0.5) +
+     geom_smooth(aes(group = sigma_1 / sigma_0),
+         se = FALSE, method = "loess", formula = y ~ x) +
+     theme_bw() +
+     scale_x_continuous(
+         expand = c(0, 0),
+         name = TeX("$\\rho$"),
+         breaks = seq(-1, 1, by = 0.2),
+         limits = c(-1, 1)) +
+     scale_y_continuous(name = "",
+         #breaks = seq(-1, 1, by = 0.1),
+         #limits = c(-1, 1),
+         expand = c(0, 0)) +
+     ggtitle(TeX(paste0(
+         "Percent Bias, given $sigma_0 = ",
+             sigma_0.value, "$"))) +
+     guides(colour = guide_legend(
+         TeX("$\\sigma_1 / \\sigma_0$"), nrow = 1)) +
+     theme(plot.title = element_text(hjust = 0, size = rel(1)),
+         plot.title.position = "plot",
+         plot.margin = unit(c(0.5, 3, 0.25, 0.25), "mm"),
+         legend.position = "bottom")
> # Save this plot
> ggsave(file.path(output.folder, "indirecteffect-bias.png"),
+     plot = indirecteffect_bias.plot, dpi = 300,
+     units = "cm", width = fig.width, height = fig.height)
> 
> 
> ################################################################################
> ## Plot the real $R^2_U$ values
> 
> # $R^2_U$, where $R^2_X$ is based on $Var(D_i(1) - D_i(0))$
> R2_U_var_D1_D0.plot <- parameterised.data %>%
+     ggplot(aes(x = rho, y = var_cate_D_x / var_D1_D0,
+         colour = factor(sigma_1 / sigma_0))) +
+     geom_jitter(alpha = 0.5) +
+     geom_smooth(aes(group = sigma_1 / sigma_0),
+         se = FALSE, method = "loess", formula = y ~ x) +
+     theme_bw() +
+     scale_x_continuous(
+         expand = c(0, 0),
+         name = TeX("$\\rho$"),
+         breaks = seq(-1, 1, by = 0.2),
+         limits = c(-1, 1)) +
+     scale_y_continuous(name = "",
+         #breaks = seq(0, 0.5, by = 0.025),
+         #limits = c(0, 0.2),
+         expand = c(0, 0)) +
+     ggtitle(TeX(paste0(
+         "$R^2_U$, given $sigma_0 = ",
+             sigma_0.value, "$"))) +
+     guides(colour = guide_legend(
+         TeX("$\\sigma_1 / \\sigma_0$"), nrow = 1)) +
+     theme(plot.title = element_text(hjust = 0, size = rel(1)),
+         plot.title.position = "plot",
+         plot.margin = unit(c(0.5, 3, 0.25, 0), "mm"),
+         legend.position = "bottom")
> # Save this plot
> ggsave(file.path(output.folder, "R2Uvar-D1D0.png"),
+     plot = R2_U_var_D1_D0.plot, dpi = 300,
+     units = "cm", width = fig.width, height = fig.height)
> 
> # $R^2_U$, where $R^2_X$ is based on $Var(D_i)$
> R2_U_var_D.plot <- parameterised.data %>%
+     ggplot(aes(x = rho, y = var_prob_D_X / var_D,
+         colour = factor(sigma_1 / sigma_0))) +
+     geom_jitter(alpha = 0.5) +
+     geom_smooth(aes(group = sigma_1 / sigma_0),
+         se = FALSE, method = "loess", formula = y ~ x) +
+     theme_bw() +
+     scale_x_continuous(name = TeX("$\\rho$"),
+         breaks = seq(-1, 1, by = 0.2),
+         limits = c(-1, 1),
+         expand = c(0, 0)) +
+     scale_y_continuous(name = "",
+         #breaks = seq(0, 0.5, by = 0.025),
+         #limits = c(0, 0.2),
+         expand = c(0, 0)) +
+     ggtitle(TeX(paste0(
+         "$R^2_U$, given $sigma_0 = ",
+             sigma_0.value, "$"))) +
+     guides(colour = guide_legend(
+         TeX("$\\sigma_1 / \\sigma_0$"), nrow = 1)) +
+     theme(plot.title = element_text(hjust = 0, size = rel(1)),
+         plot.title.position = "plot",
+         plot.margin = unit(c(0.5, 3, 0.25, 0), "mm"),
+         legend.position = "bottom")
> # Save this plot
> ggsave(file.path(output.folder, "R2Uvar-D.png"),
+     plot = R2_U_var_D.plot, dpi = 300,
+     units = "cm", width = fig.width, height = fig.height)
> 
> proc.time()
   user  system elapsed 
 75.839   0.661  82.103 
